1778696480.223		21595	21193	45	281	76	20911	79	129	0	200
1778696480.421		767	132	25	561	49	563	84	312	0	200
1778696480.616	close]	725	87	22	468	148	471	98	126	0	404
1778696480.808		697	105	27	492	73	494	79	129	0	200
1778696480.997		604	93	25	444	42	448	84	312	0	200
1778696481.184	close]	557	94	28	371	64	374	98	126	0	404
1778696481.368		721	123	28	492	78	458	79	129	0	200
1778696481.549		555	87	27	359	82	361	84	312	0	200
1778696481.728	close]	1137	135	28	937	37	945	98	126	0	404
1778696481.905		614	97	26	447	44	450	79	129	0	200
1778696482.079		624	95	27	455	47	457	84	312	0	200
1778696482.251	close]	671	87	24	389	171	392	98	126	0	404
1778696482.421		508	99	26	341	42	345	79	129	0	200
1778696482.588		671	89	27	510	45	512	84	312	0	200
1778696482.755	close]	537	82	23	388	44	387	98	126	0	404
1778696482.919		606	94	27	422	63	424	79	129	0	200
1778696483.082		509	82	21	376	30	378	84	312	0	200
1778696483.242	close]	704	94	25	524	61	529	98	126	0	404
1778696483.401		730	118	29	513	70	514	79	129	0	200
1778696483.559		673	85	25	514	49	514	84	312	0	200
1778696483.714	close]	658	82	25	507	44	508	98	126	0	404
1778696483.869		676	97	29	493	57	495	79	129	0	200
1778696484.020		565	98	28	397	42	411	84	312	0	200
1778696484.172	close]	616	97	26	371	122	374	98	126	0	404
1778696484.322		618	109	30	407	72	411	79	129	0	200
1778696484.471		638	108	29	421	80	426	84	312	0	200
1778696484.618	close]	529	101	28	347	53	349	98	126	0	404
1778696484.763		506	94	27	355	30	357	79	129	0	200
1778696484.907		623	87	27	394	115	395	84	312	0	200
1778696485.051	close]	634	87	23	466	58	467	98	126	0	404
1778696485.193		532	90	24	389	29	391	79	129	0	200
1778696485.334		675	118	30	448	79	449	84	312	0	200
1778696485.473	close]	483	88	26	336	33	337	98	126	0	404
1778696485.612		575	96	27	360	92	363	79	129	0	200
1778696485.750		649	91	25	473	60	476	84	312	0	200
1778696485.886	close]	578	95	27	413	43	415	98	126	0	404
1778696486.021		596	102	25	416	53	419	79	129	0	200
1778696486.156		600	109	45	408	38	412	84	312	0	200
1778696486.289	close]	723	109	25	530	59	531	98	126	0	404
1778696486.420		617	112	29	441	35	445	79	129	0	200
1778696486.553		672	89	28	450	105	453	84	312	0	200
1778696486.682	close]	466	83	24	320	39	320	98	126	0	404
1778696486.813		550	102	30	387	31	390	79	129	0	200
1778696486.941		599	82	27	445	45	435	84	312	0	200
1778696487.069	close]	633	108	27	462	36	464	98	126	0	404
1778696487.196		565	95	28	408	34	411	79	129	0	200
1778696487.322		2097	128	30	1905	34	1909	84	312	0	200
1778696487.447	close]	668	108	30	460	70	462	98	126	0	404
1778696487.571		635	85	21	485	44	487	79	129	0	200
1778696487.695		472	101	25	307	39	308	84	312	0	200
1778696487.818	close]	658	97	36	427	98	429	98	126	0	404
1778696487.941		657	111	27	475	44	477	79	129	0	200
1778696488.062		509	83	21	371	34	372	84	312	0	200
1778696488.182	close]	591	92	27	431	41	434	98	126	0	404
1778696488.302		590	100	30	423	37	411	79	129	0	200
1778696488.422		636	111	27	413	85	414	84	312	0	200
1778696488.540	close]	570	82	27	413	48	415	98	126	0	404
1778696488.658		526	93	26	357	50	359	79	129	0	200
1778696488.774		650	103	46	446	55	449	84	312	0	200
1778696488.891	close]	573	83	24	438	28	441	98	126	0	404
1778696489.007		578	81	23	431	43	434	79	129	0	200
1778696489.121		569	83	25	336	125	339	84	312	0	200
1778696489.237	close]	1711	114	27	1521	49	1514	98	126	0	404
1778696489.351		915	126	30	725	34	728	79	129	0	200
1778696489.464		643	112	29	470	32	473	84	312	0	200
1778696489.577	close]	521	81	25	358	57	359	98	126	0	404
1778696489.689		605	84	27	444	50	447	79	129	0	200
1778696489.800		618	106	30	436	46	440	84	312	0	200
1778696489.911	close]	509	84	26	357	42	359	98	126	0	404
1778696490.022		658	81	26	506	45	507	79	129	0	200
1778696490.130		537	86	24	397	30	399	84	312	0	200
1778696490.241	close]	891	125	29	702	35	706	98	126	0	404
1778696490.349		706	107	28	523	48	526	79	129	0	200
1778696490.458		669	117	30	491	31	496	84	312	0	200
1778696490.565	close]	710	111	29	510	60	515	98	126	0	404
1778696490.672		550	87	18	392	53	396	79	129	0	200
1778696490.779		625	98	27	443	57	446	84	312	0	200
1778696490.885	close]	519	96	28	356	39	359	98	126	0	404
1778696490.991		592	95	28	413	56	417	79	129	0	200
1778696491.096		543	88	25	398	32	401	84	312	0	200
1778696491.201	close]	556	93	24	400	39	404	98	126	0	404
1778696491.305		579	111	33	389	46	392	79	129	0	200
1778696491.409		624	128	23	435	38	440	84	312	0	200
1778696491.512	close]	623	113	30	433	47	438	98	126	0	404
1778696491.615		651	93	28	412	118	415	79	129	0	200
1778696491.717		604	93	26	438	47	441	84	312	0	200
1778696491.818	close]	605	107	29	407	62	410	98	126	0	404
1778696491.921		623	85	25	469	44	470	79	129	0	200
1778696492.022		634	81	26	419	108	421	84	312	0	200
1778696492.122	close]	662	93	27	469	73	471	98	126	0	404
1778696492.223		575	93	26	417	39	420	79	129	0	200
1778696492.322		693	107	27	496	63	500	84	312	0	200
1778696492.422	close]	609	110	25	427	47	433	98	126	0	404
1778696492.521		694	92	20	519	63	522	79	129	0	200
1778696492.619		548	83	28	391	46	379	84	312	0	200
1778696492.716	close]	659	99	20	465	75	466	98	126	0	404
1778696492.815		628	91	29	475	33	479	79	129	0	200
1778696492.913		592	117	29	409	37	412	84	312	0	200
1778696493.010	close]	504	84	25	360	35	363	98	126	0	404
1778696493.106		577	81	24	424	48	425	79	129	0	200
1778696493.202		536	81	25	394	36	397	84	312	0	200
1778696493.298	close]	558	109	29	375	45	388	98	126	0	404
1778696493.394		584	90	27	420	47	421	79	129	0	200
1778696493.489		606	113	29	406	58	411	84	312	0	200
1778696493.584	close]	548	86	26	385	51	388	98	126	0	404
1778696493.678		527	77	24	391	35	394	79	129	0	200
1778696493.772		638	109	25	453	51	456	84	312	0	200
1778696493.866	close]	535	87	25	373	50	377	98	126	0	404
1778696493.960		639	100	27	448	64	451	79	129	0	200
1778696494.053		514	80	24	380	30	383	84	312	0	200
1778696494.145	close]	584	92	25	407	60	416	98	126	0	404
1778696494.237		629	87	27	437	78	441	79	129	0	200
1778696494.330		741	131	29	524	57	529	84	312	0	200
1778696494.422	close]	501	92	27	354	28	356	98	126	0	404
1778696494.512		630	115	49	417	49	421	79	129	0	200
1778696494.604		488	79	24	345	40	347	84	312	0	200
1778696494.695	close]	557	90	26	384	57	386	98	126	0	404
1778696494.786		562	98	27	374	63	379	79	129	0	200
1778696494.876		582	88	28	315	151	316	84	312	0	200
1778696494.966	close]	446	91	28	287	40	292	98	126	0	404
1778696495.055		539	83	26	307	123	309	79	129	0	200
1778696495.145		548	91	27	388	42	392	84	312	0	200
1778696495.233	close]	519	93	24	360	42	364	98	126	0	404
1778696495.322		724	108	29	497	90	501	79	129	0	200
1778696495.410		590	97	25	419	49	420	84	312	0	200
1778696495.499	close]	665	115	28	389	133	395	98	126	0	404
1778696495.587		594	99	26	420	49	424	79	129	0	200
1778696495.673		597	90	23	381	103	383	84	312	0	200
1778696495.762	close]	548	88	23	394	43	399	98	126	0	404
1778696495.849		638	106	29	420	83	424	79	129	0	200
1778696495.935		612	83	24	460	45	462	84	312	0	200
1778696496.022	close]	562	78	35	403	46	403	98	126	0	404
1778696496.108		586	90	26	415	55	417	79	129	0	200
1778696496.193		717	94	26	537	60	539	84	312	0	200
1778696496.280	close]	691	113	29	497	52	502	98	126	0	404
1778696496.365		637	90	25	450	72	453	79	129	0	200
1778696496.450		599	80	26	440	53	442	84	312	0	200
1778696496.534	close]	581	127	28	395	31	413	98	126	0	404
1778696496.620		697	111	27	491	68	494	79	129	0	200
1778696496.704		491	95	27	294	75	297	84	312	0	200
1778696496.788	close]	558	102	27	393	36	396	98	126	0	404
1778696496.872		570	88	26	411	45	415	79	129	0	200
1778696496.956		572	81	27	416	48	418	84	312	0	200
1778696497.039	close]	462	82	25	322	33	326	98	126	0	404
1778696497.122		511	83	27	352	49	355	79	129	0	200
1778696497.205		509	82	25	352	50	354	84	312	0	200
1778696497.288	close]	680	103	29	498	50	504	98	126	0	404
1778696497.370		498	86	29	348	35	352	79	129	0	200
1778696497.453		529	82	25	392	30	395	84	312	0	200
1778696497.535	close]	635	113	27	442	53	446	98	126	0	404
1778696497.616		701	103	29	506	63	498	79	129	0	200
1778696497.698		551	98	39	343	71	346	84	312	0	200
1778696497.779	close]	562	94	26	376	66	381	98	126	0	404
1778696497.860		447	95	25	294	33	295	79	129	0	200
1778696497.941		660	88	27	497	48	499	84	312	0	200
1778696498.022	close]	565	81	25	415	44	417	98	126	0	404
1778696498.102		617	72	24	462	59	463	79	129	0	200
1778696498.182		573	82	24	396	71	397	84	312	0	200
1778696498.262	close]	611	105	16	450	40	453	98	126	0	404
1778696498.342		578	101	28	397	52	401	79	129	0	200
1778696498.421		655	88	25	472	70	473	84	312	0	200
1778696498.501	close]	539	87	19	393	40	395	98	126	0	404
1778696498.580		588	132	30	341	85	346	79	129	0	200
1778696498.659		554	78	25	360	91	362	84	312	0	200
1778696498.738	close]	536	78	24	394	40	396	98	126	0	404
1778696498.817		609	97	29	432	51	435	79	129	0	200
1778696498.895		554	82	25	413	34	415	84	312	0	200
1778696498.973	close]	599	85	25	416	73	417	98	126	0	404
1778696499.051		542	86	26	354	76	357	79	129	0	200
1778696499.129		501	91	26	340	44	342	84	312	0	200
1778696499.206	close]	554	76	24	413	41	414	98	126	0	404
1778696499.284		590	86	24	408	72	411	79	129	0	200
1778696499.361		621	82	34	458	47	458	84	312	0	200
1778696499.438	close]	560	76	19	409	56	410	98	126	0	404
1778696499.514		497	75	43	344	35	346	79	129	0	200
1778696499.591		601	115	29	413	44	419	84	312	0	200
1778696499.668	close]	570	113	30	389	38	391	98	126	0	404
1778696499.744		574	84	25	424	41	426	79	129	0	200
1778696499.820		553	91	30	397	35	400	84	312	0	200
1778696499.896	close]	519	82	24	356	57	357	98	126	0	404
1778696499.971		516	85	25	373	33	375	79	129	0	200
1778696500.047		644	110	29	455	50	458	84	312	0	200
1778696500.121	close]	526	109	26	362	29	365	98	126	0	404
1778696500.197		492	94	28	299	71	301	79	129	0	200
1778696500.272		659	112	26	456	65	459	84	312	0	200
1778696500.347	close]	538	90	26	388	34	390	98	126	0	404
1778696500.422		678	112	29	429	108	433	79	129	0	200
1778696500.496		502	93	26	354	29	356	84	312	0	200
1778696500.571	close]	585	117	30	385	53	390	98	126	0	404
1778696500.645		562	84	21	411	46	414	79	129	0	200
1778696500.719		591	80	25	430	56	431	84	312	0	200
1778696500.791	close]	570	123	25	386	36	389	98	126	0	404
1778696500.866		577	86	26	407	58	410	79	129	0	200
1778696500.938		534	76	24	386	48	387	84	312	0	200
1778696501.013	close]	573	77	23	430	43	432	98	126	0	404
1778696501.086		597	77	18	389	113	391	79	129	0	200
1778696501.159		489	85	24	348	32	349	84	312	0	200
1778696501.232	close]	503	75	25	345	58	348	98	126	0	404
1778696501.304		658	97	29	487	45	488	79	129	0	200
1778696501.377		616	84	25	473	34	474	84	312	0	200
1778696501.449	close]	543	81	27	406	29	410	98	126	0	404
1778696501.521		494	78	25	359	32	363	79	129	0	200
1778696501.593		592	118	28	401	45	405	84	312	0	200
1778696501.665	close]	532	97	27	358	50	362	98	126	0	404
1778696501.737		544	86	27	400	31	402	79	129	0	200
1778696501.808		584	96	28	428	32	432	84	312	0	200
1778696501.880	close]	504	83	24	350	47	352	98	126	0	404
1778696501.951		519	75	21	335	88	338	79	129	0	200
1778696502.021		609	94	24	441	50	442	84	312	0	200
1778696502.093	close]	523	79	23	350	71	352	98	126	0	404
1778696502.164		469	104	24	296	45	297	79	129	0	200
1778696502.234		511	111	26	331	43	367	84	312	0	200
1778696502.305	close]	515	91	25	361	38	364	98	126	0	404
1778696502.375		497	81	25	361	30	363	79	129	0	200
1778696502.445		539	78	23	391	47	392	84	312	0	200
1778696502.514	close]	559	76	24	420	39	421	98	126	0	404
1778696502.585		758	125	28	551	54	553	79	129	0	200
1778696502.655		656	104	28	462	62	465	84	312	0	200
1778696502.725	close]	608	114	30	432	32	437	98	126	0	404
1778696502.794		645	101	27	455	62	460	79	129	0	200
1778696502.863		570	77	24	416	53	417	84	312	0	200
1778696502.933	close]	550	76	24	394	56	395	98	126	0	404
1778696503.002		500	80	26	353	41	355	79	129	0	200
1778696503.071		457	77	23	325	32	327	84	312	0	200
1778696503.140	close]	572	83	20	375	94	377	98	126	0	404
1778696503.208		428	77	34	286	31	287	79	129	0	200
1778696503.276		601	95	24	445	37	448	84	312	0	200
1778696503.345	close]	488	89	27	327	45	330	98	126	0	404
1778696503.413		528	85	27	363	53	364	79	129	0	200
1778696503.482		544	82	25	408	29	411	84	312	0	200
1778696503.550	close]	609	82	26	454	47	456	98	126	0	404
1778696503.616		830	121	29	608	72	612	79	129	0	200
1778696503.685		608	83	25	454	46	459	84	312	0	200
1778696503.753	close]	679	85	26	523	45	524	98	126	0	404
1778696503.820		669	104	29	489	47	491	79	129	0	200
1778696503.888		558	78	23	413	44	415	84	312	0	200
1778696503.955	close]	584	81	25	359	119	360	98	126	0	404
1778696504.022		478	82	22	325	49	326	79	129	0	200
1778696504.089		593	89	26	432	46	413	84	312	0	200
1778696504.156	close]	615	77	34	446	58	447	98	126	0	404
1778696504.223		489	76	24	346	43	345	79	129	0	200
1778696504.289		599	108	26	400	65	404	84	312	0	200
1778696504.356	close]	669	91	26	478	74	482	98	126	0	404
1778696504.422		551	91	26	361	73	364	79	129	0	200
1778696504.488		525	86	25	380	34	383	84	312	0	200
1778696504.554	close]	549	77	23	405	44	399	98	126	0	404
1778696504.620		1106	146	29	890	41	896	79	129	0	200
1778696504.686		522	108	27	356	31	362	84	312	0	200
1778696504.752	close]	609	82	24	441	62	442	98	126	0	404
1778696504.818		682	95	24	480	83	484	79	129	0	200
1778696504.883		559	85	25	405	44	408	84	312	0	200
1778696504.949	close]	488	74	22	354	38	356	98	126	0	404
1778696505.014		528	79	24	386	39	389	79	129	0	200
1778696505.079		627	89	26	482	30	486	84	312	0	200
1778696505.144	close]	565	76	25	425	39	428	98	126	0	404
1778696505.209		558	86	25	413	34	415	79	129	0	200
1778696505.274		656	106	25	482	43	486	84	312	0	200
1778696505.339	close]	558	90	28	387	53	390	98	126	0	404
1778696505.403		535	84	24	385	42	388	79	129	0	200
1778696505.468		640	80	25	486	49	488	84	312	0	200
1778696505.532	close]	565	85	26	405	49	408	98	126	0	404
1778696505.596		488	77	25	331	55	332	79	129	0	200
1778696505.659		662	114	27	489	32	494	84	312	0	200
1778696505.723	close]	590	80	26	421	63	424	98	126	0	404
1778696505.787		637	123	26	443	45	448	79	129	0	200
1778696505.851		651	102	22	479	48	482	84	312	0	200
1778696505.915	close]	430	101	26	264	39	268	98	126	0	404
1778696505.980		526	78	28	377	43	380	79	129	0	200
1778696506.043		580	78	20	441	41	442	84	312	0	200
1778696506.107	close]	569	95	20	405	49	408	98	126	0	404
1778696506.170		518	87	27	374	30	377	79	129	0	200
1778696506.233		433	81	25	289	38	293	84	312	0	200
1778696506.296	close]	623	90	26	445	62	448	98	126	0	404
1778696506.359		601	87	27	446	41	449	79	129	0	200
1778696506.422		588	86	26	435	41	437	84	312	0	200
1778696506.485	close]	509	79	25	357	48	359	98	126	0	404
1778696506.546		580	94	25	399	62	415	79	129	0	200
1778696506.609		611	77	24	455	55	458	84	312	0	200
1778696506.671	close]	677	125	28	476	48	481	98	126	0	404
1778696506.734		680	99	20	516	45	519	79	129	0	200
1778696506.797		620	109	26	454	31	456	84	312	0	200
1778696506.858	close]	590	91	42	401	56	403	98	126	0	404
1778696506.921		496	79	25	328	64	331	79	129	0	200
1778696506.983		440	79	25	307	29	309	84	312	0	200
1778696507.045	close]	591	80	26	357	128	358	98	126	0	404
1778696507.107		506	77	23	336	70	339	79	129	0	200
1778696507.169		515	76	24	385	30	385	84	312	0	200
1778696507.230	close]	471	79	24	340	28	342	98	126	0	404
1778696507.292		570	97	25	375	73	379	79	129	0	200
1778696507.353		665	123	29	429	84	433	84	312	0	200
1778696507.414	close]	526	91	25	379	31	380	98	126	0	404
1778696507.476		529	82	21	392	34	394	79	129	0	200
1778696507.536		525	75	26	376	48	377	84	312	0	200
1778696507.598	close]	554	81	24	414	35	415	98	126	0	404
1778696507.659		732	103	25	473	131	477	79	129	0	200
1778696507.719		556	110	29	371	46	376	84	312	0	200
1778696507.780	close]	669	102	22	499	46	501	98	126	0	404
1778696507.841		613	97	28	439	49	445	79	129	0	200
1778696507.901		554	77	22	380	75	382	84	312	0	200
1778696507.961	close]	532	87	26	357	62	360	98	126	0	404
1778696508.022		617	95	26	471	25	476	79	129	0	200
1778696508.082		602	96	25	432	49	435	84	312	0	200
1778696508.142	close]	502	86	24	354	38	356	98	126	0	404
1778696508.202		534	82	24	389	39	393	79	129	0	200
1778696508.261		715	113	42	521	39	524	84	312	0	200
1778696508.322	close]	576	96	27	396	57	400	98	126	0	404
1778696508.382		622	77	21	400	124	402	79	129	0	200
1778696508.442		558	79	24	415	40	419	84	312	0	200
1778696508.502	close]	503	77	24	375	27	377	98	126	0	404
1778696508.560		522	80	22	377	43	379	79	129	0	200
1778696508.621		509	76	22	365	46	367	84	312	0	200
1778696508.680	close]	861	113	27	686	35	690	98	126	0	404
1778696508.739		740	121	28	536	55	465	79	129	0	200
1778696508.798		778	111	28	572	67	576	84	312	0	200
1778696508.857	close]	617	81	24	464	48	465	98	126	0	404
1778696508.916		542	77	21	399	45	402	79	129	0	200
1778696508.975		614	76	23	447	68	448	84	312	0	200
1778696509.034	close]	502	84	25	360	33	362	98	126	0	404
1778696509.092		451	97	24	291	39	291	79	129	0	200
1778696509.152		557	81	24	423	29	423	84	312	0	200
1778696509.210	close]	505	83	24	354	44	354	98	126	0	404
1778696509.268		2751	153	29	2529	40	2532	79	129	0	200
1778696509.327		640	98	27	459	56	462	84	312	0	200
1778696509.386	close]	550	90	36	378	46	378	98	126	0	404
1778696509.443		423	82	25	272	44	273	79	129	0	200
1778696509.502		621	81	26	457	57	457	84	312	0	200
1778696509.560	close]	510	73	24	311	102	312	98	126	0	404
1778696509.618		558	81	25	380	72	381	79	129	0	200
1778696509.676		544	75	22	406	41	408	84	312	0	200
1778696509.734	close]	661	117	29	465	50	469	98	126	0	404
1778696509.792		542	112	26	366	38	369	79	129	0	200
1778696509.848		582	103	27	410	42	413	84	312	0	200
1778696509.907	close]	507	77	26	376	28	377	98	126	0	404
1778696509.965		611	77	24	446	64	447	79	129	0	200
1778696510.022		709	125	32	492	60	494	84	312	0	200
1778696510.079	close]	605	80	25	450	50	451	98	126	0	404
1778696510.137		599	83	22	432	62	434	79	129	0	200
1778696510.193		548	114	21	374	39	377	84	312	0	200
1778696510.251	close]	593	100	26	418	49	422	98	126	0	404
1778696510.308		681	84	25	481	91	483	79	129	0	200
1778696510.365		533	78	25	387	43	388	84	312	0	200
1778696510.421	close]	545	84	24	407	30	409	98	126	0	404
1778696510.479		476	80	23	298	75	299	79	129	0	200
1778696510.536		436	75	21	303	37	305	84	312	0	200
1778696510.592	close]	537	74	23	388	52	389	98	126	0	404
1778696510.649		494	66	20	371	37	373	79	129	0	200
1778696510.705		515	70	21	330	94	331	84	312	0	200
1778696510.762	close]	609	115	29	400	65	403	98	126	0	404
1778696510.817		595	118	28	404	45	408	79	129	0	200
1778696510.875		518	78	23	385	32	386	84	312	0	200
1778696510.931	close]	497	77	25	365	30	367	98	126	0	404
1778696510.987		456	74	23	319	40	320	79	129	0	200
1778696511.042		599	74	24	441	60	442	84	312	0	200
1778696511.099	close]	474	73	23	345	33	345	98	126	0	404
1778696511.155		518	73	24	392	29	393	79	129	0	200
1778696511.211		545	79	24	404	38	406	84	312	0	200
1778696511.267	close]	730	120	28	550	32	553	98	126	0	404
1778696511.322		634	104	27	436	67	438	79	129	0	200
1778696511.378		546	79	25	409	33	409	84	312	0	200
1778696511.434	close]	505	78	24	364	39	365	98	126	0	404
1778696511.489		474	77	24	339	34	340	79	129	0	200
1778696511.545		600	105	25	411	59	413	84	312	0	200
1778696511.600	close]	551	75	23	408	45	409	98	126	0	404
1778696511.655		574	78	18	434	44	435	79	129	0	200
1778696511.710		539	72	23	393	51	394	84	312	0	200
1778696511.766	close]	2346	116	28	2041	161	2043	98	126	0	404
1778696511.821		619	104	26	443	46	448	79	129	0	200
1778696511.876		580	78	23	434	45	437	84	312	0	200
1778696511.930	close]	565	76	41	404	44	405	98	126	0	404
1778696511.985		477	75	34	330	38	333	79	129	0	200
1778696512.040		537	72	23	391	51	394	84	312	0	200
1778696512.095	close]	459	81	33	306	39	309	98	126	0	404
1778696512.150		549	82	25	381	61	383	79	129	0	200
1778696512.203		513	75	23	371	44	373	84	312	0	200
1778696512.259	close]	565	86	22	401	56	404	98	126	0	404
1778696512.313		603	100	28	428	47	430	79	129	0	200
1778696512.368		581	79	26	407	69	407	84	312	0	200
1778696512.421	close]	585	106	25	321	133	324	98	126	0	404
1778696512.476		509	78	25	346	60	348	79	129	0	200
1778696512.530		445	77	23	311	34	313	84	312	0	200
1778696512.585	close]	524	70	24	387	43	388	98	126	0	404
1778696512.639		568	73	22	430	43	433	79	129	0	200
1778696512.692		575	79	24	423	49	425	84	312	0	200
1778696512.747	close]	2430	120	28	2152	130	2156	98	126	0	404
1778696512.801		604	91	23	428	62	431	79	129	0	200
1778696512.854		581	77	25	436	43	438	84	312	0	200
1778696512.908	close]	422	68	21	297	36	300	98	126	0	404
1778696512.962		459	84	25	313	37	317	79	129	0	200
1778696513.015		471	74	23	335	39	339	84	312	0	200
1778696513.069	close]	575	79	19	417	60	418	98	126	0	404
1778696513.122		628	77	23	480	48	471	79	129	0	200
1778696513.176		542	72	17	411	42	412	84	312	0	200
1778696513.229	close]	557	69	20	430	38	430	98	126	0	404
1778696513.282		1652	110	22	1492	28	1495	79	129	0	200
1778696513.336		634	96	27	465	46	469	84	312	0	200
1778696513.389	close]	538	105	24	374	35	376	98	126	0	404
1778696513.442		531	78	24	395	34	395	79	129	0	200
1778696513.495		528	74	22	365	67	365	84	312	0	200
1778696513.548	close]	582	80	26	403	73	403	98	126	0	404
1778696513.601		596	82	23	425	66	427	79	129	0	200
1778696513.653		530	73	23	392	42	394	84	312	0	200
1778696513.707	close]	535	72	24	393	46	395	98	126	0	404
1778696513.759		647	71	22	426	128	426	79	129	0	200
1778696513.812		874	140	31	667	36	671	84	312	0	200
1778696513.865	close]	595	100	28	420	47	424	98	126	0	404
1778696513.917		519	82	35	369	33	370	79	129	0	200
1778696513.970		523	69	21	389	44	390	84	312	0	200
1778696514.022	close]	467	71	23	343	30	347	98	126	0	404
1778696514.074		463	76	24	272	91	275	79	129	0	200
1778696514.127		440	72	22	308	38	308	84	312	0	200
1778696514.179	close]	469	82	24	332	31	335	98	126	0	404
1778696514.230		390	66	36	256	32	257	79	129	0	200
1778696514.283		788	138	30	578	42	581	84	312	0	200
1778696514.334	close]	700	138	31	459	72	464	98	126	0	404
1778696514.387		441	80	24	303	34	304	79	129	0	200
1778696514.439		555	77	24	408	46	411	84	312	0	200
1778696514.490	close]	508	75	39	348	46	350	98	126	0	404
1778696514.543		497	74	23	356	44	359	79	129	0	200
1778696514.595		493	71	22	337	63	338	84	312	0	200
1778696514.647	close]	490	73	22	263	132	264	98	126	0	404
1778696514.698		591	82	24	426	59	428	79	129	0	200
1778696514.750		500	84	22	352	42	354	84	312	0	200
1778696514.801	close]	620	88	24	452	56	455	98	126	0	404
1778696514.853		598	111	28	425	34	429	79	129	0	200
1778696514.904		465	75	23	337	30	339	84	312	0	200
1778696514.956	close]	589	84	26	410	69	411	98	126	0	404
1778696515.006		522	73	22	389	38	391	79	129	0	200
1778696515.058		559	69	22	394	74	395	84	312	0	200
1778696515.110	close]	536	84	23	341	88	342	98	126	0	404
1778696515.161		556	79	24	405	48	407	79	129	0	200
1778696515.212		489	66	16	360	47	362	84	312	0	200
1778696515.263	close]	602	87	22	443	50	444	98	126	0	404
1778696515.314		622	93	27	375	127	377	79	129	0	200
1778696515.365		500	78	23	365	34	367	84	312	0	200
1778696515.416	close]	600	75	26	441	58	442	98	126	0	404
1778696515.467		495	73	22	318	82	318	79	129	0	200
1778696515.517		656	89	24	485	58	487	84	312	0	200
1778696515.568	close]	529	73	17	395	44	398	98	126	0	404
1778696515.619		402	63	20	282	37	283	79	129	0	200
1778696515.669		506	77	18	359	52	361	84	312	0	200
1778696515.720	close]	459	77	21	327	34	330	98	126	0	404
1778696515.770		971	98	23	801	49	803	79	129	0	200
1778696515.821		673	98	27	499	49	504	84	312	0	200
1778696515.871	close]	535	112	24	363	36	366	98	126	0	404
1778696515.922		469	75	24	337	33	338	79	129	0	200
1778696515.972		530	77	24	389	40	391	84	312	0	200
1778696516.022	close]	504	70	21	353	60	354	98	126	0	404
1778696516.072		654	96	27	472	59	475	79	129	0	200
1778696516.121		541	85	19	397	40	399	84	312	0	200
1778696516.172	close]	606	88	22	448	48	449	98	126	0	404
1778696516.223		524	84	25	285	130	287	79	129	0	200
1778696516.272		993	115	28	815	35	817	84	312	0	200
1778696516.322	close]	645	100	28	465	52	469	98	126	0	404
1778696516.372		615	94	22	446	53	449	79	129	0	200
1778696516.422		594	78	23	434	59	435	84	312	0	200
1778696516.472	close]	595	71	23	441	60	443	98	126	0	404
1778696516.522		489	70	21	359	39	360	79	129	0	200
1778696516.571		538	84	22	385	47	386	84	312	0	200
1778696516.620	close]	429	73	22	296	38	298	98	126	0	404
1778696516.669		603	137	24	400	42	401	79	129	0	200
1778696516.720		454	70	21	308	55	308	84	312	0	200
1778696516.769	close]	420	76	25	283	36	287	98	126	0	404
1778696516.819		607	91	24	401	91	404	79	129	0	200
1778696516.867		923	130	31	700	62	703	84	312	0	200
1778696516.917	close]	508	90	28	357	33	361	98	126	0	404
1778696516.967		627	78	20	499	30	501	79	129	0	200
1778696517.016		568	72	20	431	45	430	84	312	0	200
1778696517.064	close]	534	75	22	349	88	351	98	126	0	404
1778696517.114		552	83	24	391	54	392	79	129	0	200
1778696517.163		497	72	23	354	48	356	84	312	0	200
1778696517.212	close]	538	68	21	345	104	346	98	126	0	404
1778696517.261		518	89	22	369	38	372	79	129	0	200
1778696517.309		583	102	46	390	45	394	84	312	0	200
1778696517.359	close]	575	74	24	413	64	414	98	126	0	404
1778696517.408		552	79	24	404	45	403	79	129	0	200
1778696517.457		513	67	20	374	52	376	84	312	0	200
1778696517.505	close]	464	74	23	335	32	337	98	126	0	404
1778696517.554		553	73	23	333	124	334	79	129	0	200
1778696517.603		471	75	23	343	30	344	84	312	0	200
1778696517.651	close]	421	71	22	281	47	283	98	126	0	404
1778696517.700		481	72	24	349	36	350	79	129	0	200
1778696517.748		482	77	24	332	49	334	84	312	0	200
1778696517.796	close]	632	98	25	460	49	462	98	126	0	404
1778696517.845		482	74	24	350	34	351	79	129	0	200
1778696517.893		652	104	28	450	70	451	84	312	0	200
1778696517.942	close]	481	71	22	345	43	347	98	126	0	404
1778696517.990		610	75	23	470	42	470	79	129	0	200
1778696518.038		500	67	21	368	44	368	84	312	0	200
1778696518.086	close]	541	76	24	372	69	372	98	126	0	404
1778696518.133		432	79	23	300	30	302	79	129	0	200
1778696518.182		575	84	24	408	59	410	84	312	0	200
1778696518.229	close]	527	73	21	396	37	397	98	126	0	404
1778696518.278		845	137	28	647	33	651	79	129	0	200
1778696518.326		690	93	28	516	53	520	84	312	0	200
1778696518.373	close]	467	77	18	332	40	335	98	126	0	404
1778696518.421		492	79	25	335	53	337	79	129	0	200
1778696518.469		585	80	25	430	50	431	84	312	0	200
1778696518.518	close]	515	88	23	367	37	370	98	126	0	404
1778696518.565		477	89	25	328	35	329	79	129	0	200
1778696518.612		530	83	23	374	50	374	84	312	0	200
1778696518.661	close]	452	64	19	331	38	332	98	126	0	404
1778696518.707		521	67	21	388	45	389	79	129	0	200
1778696518.755		596	73	37	349	137	349	84	312	0	200
1778696518.803	close]	541	95	25	378	43	382	98	126	0	404
1778696518.851		509	74	24	356	55	357	79	129	0	200
1778696518.898		852	118	28	670	36	673	84	312	0	200
1778696518.944	close]	638	110	29	382	117	385	98	126	0	404
1778696518.993		555	102	27	396	30	400	79	129	0	200
1778696519.040		476	77	25	334	40	335	84	312	0	200
1778696519.087	close]	578	93	26	413	46	413	98	126	0	404
1778696519.134		516	72	23	377	44	378	79	129	0	200
1778696519.181		509	74	22	368	45	368	84	312	0	200
1778696519.228	close]	521	74	17	387	43	387	98	126	0	404
1778696519.275		775	126	28	582	39	584	79	129	0	200
1778696519.322		606	91	25	430	60	431	84	312	0	200
1778696519.369	close]	539	69	21	409	40	411	98	126	0	404
1778696519.416		438	73	22	290	53	292	79	129	0	200
1778696519.463		481	74	22	326	59	328	84	312	0	200
1778696519.510	close]	482	77	26	337	42	339	98	126	0	404
1778696519.557		509	80	24	360	45	362	79	129	0	200
1778696519.602		512	87	23	363	39	363	84	312	0	200
1778696519.649	close]	531	74	36	382	39	384	98	126	0	404
1778696519.696		448	72	38	283	55	286	79	129	0	200
1778696519.742		478	75	24	352	27	354	84	312	0	200
1778696519.790	close]	696	114	26	507	49	510	98	126	0	404
1778696519.836		654	93	25	508	28	510	79	129	0	200
1778696519.883		580	104	29	375	72	379	84	312	0	200
1778696519.929	close]	698	99	27	540	32	545	98	126	0	404
1778696519.976		639	109	28	438	64	442	79	129	0	200
1778696520.022		494	80	35	347	32	349	84	312	0	200
1778696520.068	close]	595	81	24	434	56	436	98	126	0	404
1778696520.115		523	84	23	373	43	376	79	129	0	200
1778696520.161		599	85	28	335	151	338	84	312	0	200
1778696520.207	close]	613	96	28	461	28	464	98	126	0	404
1778696520.253		491	87	24	345	35	346	79	129	0	200
1778696520.299		940	220	316	354	50	358	84	312	0	200
1778696520.345	close]	652	137	29	378	108	382	98	126	0	404
1778696520.391		505	97	28	348	32	351	79	129	0	200
1778696520.437		439	90	25	272	52	275	84	312	0	200
1778696520.482	close]	524	73	23	383	45	383	98	126	0	404
1778696520.529		595	79	24	446	46	447	79	129	0	200
1778696520.575		478	67	30	342	39	343	84	312	0	200
1778696520.621	close]	596	79	32	340	145	341	98	126	0	404
1778696520.667		524	82	25	373	44	374	79	129	0	200
1778696520.712		594	75	24	418	77	419	84	312	0	200
1778696520.758	close]	554	77	22	414	41	416	98	126	0	404
1778696520.804		609	120	25	412	52	414	79	129	0	200
1778696520.848		586	98	29	404	55	408	84	312	0	200
1778696520.894	close]	597	81	38	383	95	386	98	126	0	404
1778696520.941		694	106	28	428	132	431	79	129	0	200
1778696520.986		661	86	25	491	59	494	84	312	0	200
1778696521.032	close]	522	78	24	381	39	383	98	126	0	404
1778696521.077		563	80	25	412	46	413	79	129	0	200
1778696521.122		492	78	25	341	48	344	84	312	0	200
1778696521.168	close]	576	82	25	417	52	418	98	126	0	404
1778696521.213		517	71	22	386	38	388	79	129	0	200
1778696521.258		601	77	22	461	41	462	84	312	0	200
1778696521.304	close]	576	108	36	359	73	361	98	126	0	404
1778696521.349		692	96	29	499	68	504	79	129	0	200
1778696521.394		569	77	24	419	49	420	84	312	0	200
1778696521.439	close]	507	88	27	357	35	360	98	126	0	404
1778696521.484		502	84	26	338	54	339	79	129	0	200
1778696521.529		477	87	25	324	41	327	84	312	0	200
1778696521.574	close]	427	83	25	289	30	291	98	126	0	404
1778696521.619		523	97	24	350	52	353	79	129	0	200
1778696521.663		557	84	20	406	47	408	84	312	0	200
1778696521.708	close]	572	74	22	410	66	411	98	126	0	404
1778696521.754		568	84	26	412	46	413	79	129	0	200
1778696521.799		640	126	26	456	32	459	84	312	0	200
1778696521.843	close]	532	106	26	363	37	366	98	126	0	404
1778696521.888		515	103	24	344	44	346	79	129	0	200
1778696521.932		662	95	28	418	121	419	84	312	0	200
1778696521.977	close]	594	110	38	409	37	412	98	126	0	404
1778696522.022		486	80	24	342	40	344	79	129	0	200
1778696522.067		609	79	25	439	66	439	84	312	0	200
1778696522.110	close]	528	95	25	363	45	365	98	126	0	404
1778696522.155		537	83	25	394	35	396	79	129	0	200
1778696522.200		577	80	26	372	99	373	84	312	0	200
1778696522.245	close]	627	107	24	461	35	463	98	126	0	404
1778696522.288		926	130	47	711	38	715	79	129	0	200
1778696522.333		564	102	30	372	60	375	84	312	0	200
1778696522.378	close]	535	81	26	391	37	392	98	126	0	404
1778696522.422		542	78	23	398	43	400	79	129	0	200
1778696522.465		534	78	41	374	41	375	84	312	0	200
1778696522.510	close]	539	78	23	397	41	398	98	126	0	404
1778696522.555		542	69	22	409	42	411	79	129	0	200
1778696522.599		490	72	23	327	68	330	84	312	0	200
1778696522.643	close]	474	79	25	337	33	339	98	126	0	404
1778696522.687		507	72	17	376	42	378	79	129	0	200
1778696522.730		583	97	25	419	42	421	84	312	0	200
1778696522.774	close]	585	74	17	444	50	446	98	126	0	404
1778696522.819		596	123	31	409	33	416	79	129	0	200
1778696522.863		649	83	25	474	67	475	84	312	0	200
1778696522.907	close]	524	78	24	378	44	380	98	126	0	404
1778696522.950		566	100	26	402	38	374	79	129	0	200
1778696522.995		662	122	30	459	51	463	84	312	0	200
1778696523.039	close]	606	94	26	432	54	434	98	126	0	404
1778696523.082		472	89	24	327	32	329	79	129	0	200
1778696523.125		645	89	26	429	101	431	84	312	0	200
1778696523.170	close]	499	78	22	372	27	373	98	126	0	404
1778696523.213		443	73	23	307	40	309	79	129	0	200
1778696523.257		625	86	25	478	36	480	84	312	0	200
1778696523.301	close]	925	148	29	715	33	719	98	126	0	404
1778696523.344		628	108	23	455	42	459	79	129	0	200
1778696523.388		514	77	26	341	70	343	84	312	0	200
1778696523.430	close]	497	77	41	338	41	340	98	126	0	404
1778696523.475		604	87	20	467	30	468	79	129	0	200
1778696523.518		540	82	19	406	33	406	84	312	0	200
1778696523.561	close]	553	78	25	382	68	384	98	126	0	404
1778696523.605		506	82	25	360	39	361	79	129	0	200
1778696523.648		476	83	24	325	44	327	84	312	0	200
1778696523.690	close]	610	108	24	426	52	427	98	126	0	404
1778696523.734		469	81	41	293	54	294	79	129	0	200
1778696523.778		619	80	23	472	44	471	84	312	0	200
1778696523.821	close]	647	108	27	451	61	456	98	126	0	404
1778696523.864		530	78	24	380	48	383	79	129	0	200
1778696523.907		575	74	17	442	42	444	84	312	0	200
1778696523.950	close]	533	75	23	391	44	391	98	126	0	404
1778696523.993		514	97	25	343	49	346	79	129	0	200
1778696524.036		485	84	27	346	28	350	84	312	0	200
1778696524.079	close]	503	95	24	354	30	356	98	126	0	404
1778696524.122		572	79	24	416	53	418	79	129	0	200
1778696524.165		646	82	25	483	56	484	84	312	0	200
1778696524.208	close]	453	75	23	284	71	286	98	126	0	404
1778696524.251		450	71	22	326	31	328	79	129	0	200
1778696524.294		813	127	285	358	43	361	84	312	0	200
1778696524.337	close]	672	100	30	490	52	492	98	126	0	404
1778696524.379		573	81	20	419	53	422	79	129	0	200
1778696524.422		613	79	25	453	56	444	84	312	0	200
1778696524.465	close]	526	71	18	375	62	375	98	126	0	404
1778696524.507		402	72	21	285	24	286	79	129	0	200
1778696524.550		512	81	24	342	65	345	84	312	0	200
1778696524.593	close]	388	75	23	253	37	254	98	126	0	404
1778696524.635		572	78	25	409	60	410	79	129	0	200
1778696524.677		453	96	22	306	29	306	84	312	0	200
1778696524.720	close]	501	75	22	372	32	373	98	126	0	404
1778696524.763		475	78	25	324	48	325	79	129	0	200
1778696524.805		621	83	21	452	65	454	84	312	0	200
1778696524.848	close]	555	100	28	389	38	392	98	126	0	404
1778696524.890		534	74	22	316	122	316	79	129	0	200
1778696524.932		498	82	25	348	43	350	84	312	0	200
1778696524.974	close]	582	77	25	437	43	438	98	126	0	404
1778696525.016		652	143	30	446	33	449	79	129	0	200
1778696525.058		637	80	25	489	43	490	84	312	0	200
1778696525.101	close]	471	72	31	331	37	335	98	126	0	404
1778696525.143		553	72	22	396	63	397	79	129	0	200
1778696525.186		464	76	23	333	32	334	84	312	0	200
1778696525.228	close]	521	73	25	394	29	394	98	126	0	404
1778696525.269		636	94	24	473	45	476	79	129	0	200
1778696525.311		646	91	55	445	55	447	84	312	0	200
1778696525.353	close]	720	107	29	518	66	520	98	126	0	404
1778696525.396		538	78	19	410	31	412	79	129	0	200
1778696525.438		477	76	31	304	66	304	84	312	0	200
1778696525.480	close]	513	83	28	368	34	370	98	126	0	404
1778696525.521		500	103	25	335	37	336	79	129	0	200
1778696525.564		607	79	25	459	44	449	84	312	0	200
1778696525.605	close]	583	87	25	416	55	419	98	126	0	404
1778696525.647		516	83	25	361	47	362	79	129	0	200
1778696525.689		517	78	23	376	40	379	84	312	0	200
1778696525.730	close]	618	78	25	445	70	447	98	126	0	404
1778696525.772		480	75	18	357	30	360	79	129	0	200
1778696525.813		597	96	24	401	76	405	84	312	0	200
1778696525.856	close]	546	79	25	378	64	378	98	126	0	404
1778696525.897		528	84	25	375	44	376	79	129	0	200
1778696525.939		527	85	19	385	38	386	84	312	0	200
1778696525.981	close]	440	81	25	302	32	308	98	126	0	404
1778696526.022		751	134	46	466	105	469	79	129	0	200
1778696526.064		638	110	30	452	46	455	84	312	0	200
1778696526.105	close]	573	88	17	426	42	436	98	126	0	404
1778696526.147		620	81	23	447	69	447	79	129	0	200
1778696526.188		542	78	22	391	51	393	84	312	0	200
1778696526.228	close]	640	83	20	461	76	464	98	126	0	404
1778696526.271		593	93	25	418	57	419	79	129	0	200
1778696526.311		643	119	23	367	134	369	84	312	0	200
1778696526.353	close]	641	104	29	372	136	374	98	126	0	404
1778696526.395		573	80	25	416	52	418	79	129	0	200
1778696526.436		444	79	23	308	34	310	84	312	0	200
1778696526.477	close]	555	88	24	402	41	401	98	126	0	404
1778696526.518		534	77	24	394	39	395	79	129	0	200
1778696526.559		418	88	23	277	30	278	84	312	0	200
1778696526.601	close]	444	78	24	291	51	291	98	126	0	404
1778696526.641		628	88	36	475	29	477	79	129	0	200
1778696526.683		568	83	25	413	47	414	84	312	0	200
1778696526.724	close]	554	76	25	353	100	356	98	126	0	404
1778696526.765		577	78	23	431	45	432	79	129	0	200
1778696526.806		1451	135	29	1248	39	1251	84	312	0	200
1778696526.847	close]	617	103	25	407	82	410	98	126	0	404
1778696526.887		677	82	25	501	69	503	79	129	0	200
1778696526.929		635	92	25	415	103	419	84	312	0	200
1778696526.969	close]	520	74	22	392	32	393	98	126	0	404
1778696527.010		494	78	26	350	40	351	79	129	0	200
1778696527.051		630	116	28	429	57	429	84	312	0	200
1778696527.092	close]	480	76	22	347	35	348	98	126	0	404
1778696527.132		558	82	41	387	48	388	79	129	0	200
1778696527.173		486	75	18	352	41	353	84	312	0	200
1778696527.214	close]	560	80	19	408	53	410	98	126	0	404
1778696527.255		553	78	22	404	49	324	79	129	0	200
1778696527.294		974	144	32	740	58	741	84	312	0	200
1778696527.336	close]	674	120	32	376	146	375	98	126	0	404
1778696527.376		672	113	25	428	106	429	79	129	0	200
1778696527.417		579	91	23	423	42	423	84	312	0	200
1778696527.458	close]	561	80	25	400	56	403	98	126	0	404
1778696527.498		533	72	23	396	42	399	79	129	0	200
1778696527.538		523	105	24	354	40	357	84	312	0	200
1778696527.578	close]	631	101	28	452	50	453	98	126	0	404
1778696527.619		615	83	26	459	47	459	79	129	0	200
1778696527.660		500	74	22	367	37	367	84	312	0	200
1778696527.700	close]	584	76	22	432	54	432	98	126	0	404
1778696527.740		542	76	22	386	58	388	79	129	0	200
1778696527.781		644	78	22	501	43	502	84	312	0	200
1778696527.821	close]	678	100	26	504	48	477	98	126	0	404
1778696527.861		535	84	27	383	41	385	79	129	0	200
1778696527.902		466	78	23	329	36	330	84	312	0	200
1778696527.942	close]	497	74	34	360	29	361	98	126	0	404
1778696527.982		514	75	23	376	40	377	79	129	0	200
1778696528.022		554	80	23	364	87	364	84	312	0	200
1778696528.061	close]	960	156	32	720	52	722	98	126	0	404
1778696528.102		507	109	32	330	36	334	79	129	0	200
1778696528.142		552	83	25	394	50	395	84	312	0	200
1778696528.182	close]	597	86	26	437	48	439	98	126	0	404
1778696528.223		434	71	20	307	36	309	79	129	0	200
1778696528.262		520	70	20	354	76	354	84	312	0	200
1778696528.302	close]	919	112	25	696	86	699	98	126	0	404
1778696528.342		626	114	28	425	59	429	79	129	0	200
1778696528.382		575	76	24	435	40	435	84	312	0	200
1778696528.422	close]	492	76	24	364	28	366	98	126	0	404
1778696528.462		446	84	26	303	33	304	79	129	0	200
1778696528.502		518	73	24	344	77	345	84	312	0	200
1778696528.542	close]	518	79	24	353	62	354	98	126	0	404
1778696528.580		420	73	40	269	38	270	79	129	0	200
1778696528.621		470	74	25	291	80	293	84	312	0	200
1778696528.661	close]	453	70	24	319	40	311	98	126	0	404
1778696528.701		442	64	20	313	45	313	79	129	0	200
1778696528.740		444	84	25	282	53	285	84	312	0	200
1778696528.780	close]	458	70	23	336	29	337	98	126	0	404
1778696528.819		564	141	26	364	33	358	79	129	0	200
1778696528.859		582	85	27	409	61	412	84	312	0	200
1778696528.899	close]	467	78	24	297	68	298	98	126	0	404
1778696528.937		570	102	25	399	44	401	79	129	0	200
1778696528.978		596	75	24	439	58	441	84	312	0	200
1778696529.017	close]	502	72	21	356	53	356	98	126	0	404
1778696529.056		424	90	25	272	37	273	79	129	0	200
1778696529.095		595	119	29	414	33	417	84	312	0	200
1778696529.136	close]	524	85	24	380	35	381	98	126	0	404
1778696529.175		436	75	24	296	41	296	79	129	0	200
1778696529.214		569	72	26	429	42	409	84	312	0	200
1778696529.254	close]	514	69	21	363	61	366	98	126	0	404
1778696529.293		704	125	38	497	44	500	79	129	0	200
1778696529.332		658	97	25	467	69	470	84	312	0	200
1778696529.371	close]	686	110	28	498	50	501	98	126	0	404
1778696529.411		555	75	24	360	96	361	79	129	0	200
1778696529.450		617	75	24	476	42	477	84	312	0	200
1778696529.489	close]	512	82	23	335	72	326	98	126	0	404
1778696529.527		513	74	23	377	39	377	79	129	0	200
1778696529.567		504	74	22	329	79	330	84	312	0	200
1778696529.607	close]	563	81	25	388	69	388	98	126	0	404
1778696529.646		644	78	18	492	56	494	79	129	0	200
1778696529.685		460	73	23	322	42	322	84	312	0	200
1778696529.724	close]	488	76	24	328	60	330	98	126	0	404
1778696529.762		550	82	25	412	31	413	79	129	0	200
1778696529.802		951	352	31	535	33	539	84	312	0	200
1778696529.841	close]	664	95	29	479	61	481	98	126	0	404
1778696529.879		593	89	19	437	48	438	79	129	0	200
1778696529.918		488	72	33	348	35	348	84	312	0	200
1778696529.957	close]	529	81	25	342	81	344	98	126	0	404
1778696529.996		1811	152	44	1566	49	1569	79	129	0	200
1778696530.035		622	90	27	460	45	462	84	312	0	200
1778696530.074	close]	501	87	25	323	66	324	98	126	0	404
1778696530.113		600	99	26	409	66	412	79	129	0	200
1778696530.151		485	81	25	341	38	343	84	312	0	200
1778696530.190	close]	547	75	25	387	60	387	98	126	0	404
1778696530.228		558	70	20	425	43	427	79	129	0	200
1778696530.268		554	82	19	409	44	411	84	312	0	200
1778696530.306	close]	750	142	31	538	39	540	98	126	0	404
1778696530.345		624	79	25	463	57	465	79	129	0	200
1778696530.383		497	93	23	344	37	345	84	312	0	200
1778696530.421	close]	575	82	41	403	49	405	98	126	0	404
1778696530.461		580	77	24	383	96	384	79	129	0	200
1778696530.499		532	70	23	384	55	384	84	312	0	200
1778696530.538	close]	580	84	25	417	54	418	98	126	0	404
1778696530.576		431	68	20	311	32	311	79	129	0	200
1778696530.614		574	85	26	421	42	421	84	312	0	200
1778696530.653	close]	463	77	23	332	31	334	98	126	0	404
1778696530.692		511	78	24	373	36	375	79	129	0	200
1778696530.730		564	73	23	396	72	397	84	312	0	200
1778696530.768	close]	554	74	23	394	63	394	98	126	0	404
1778696530.807		759	134	29	545	51	548	79	129	0	200
1778696530.845		668	100	28	490	50	494	84	312	0	200
1778696530.883	close]	570	83	24	334	129	336	98	126	0	404
1778696530.922		512	79	24	367	42	367	79	129	0	200
1778696530.959		586	67	23	443	53	443	84	312	0	200
1778696530.998	close]	624	89	21	467	47	468	98	126	0	404
1778696531.037		512	78	24	375	35	377	79	129	0	200
1778696531.075		592	81	24	412	75	413	84	312	0	200
1778696531.113	close]	893	126	28	694	45	696	98	126	0	404
1778696531.151		602	107	28	405	62	408	79	129	0	200
1778696531.189		558	78	23	402	55	394	84	312	0	200
1778696531.227	close]	478	76	24	346	32	347	98	126	0	404
1778696531.264		525	87	20	379	39	381	79	129	0	200
1778696531.302		966	122	28	771	45	774	84	312	0	200
1778696531.341	close]	680	105	45	492	38	496	98	126	0	404
1778696531.379		565	79	24	370	92	370	79	129	0	200
1778696531.417		624	79	24	474	47	474	84	312	0	200
1778696531.454	close]	517	77	22	361	57	362	98	126	0	404
1778696531.493		496	82	25	353	36	354	79	129	0	200
1778696531.531		471	71	20	335	45	338	84	312	0	200
1778696531.569	close]	455	71	21	320	43	321	98	126	0	404
1778696531.606		511	84	15	370	42	371	79	129	0	200
1778696531.645		542	68	23	402	49	403	84	312	0	200
1778696531.683	close]	560	84	23	407	46	391	98	126	0	404
1778696531.721		508	73	23	362	50	363	79	129	0	200
1778696531.758		421	83	23	280	35	281	84	312	0	200
1778696531.795	close]	727	109	26	544	48	548	98	126	0	404
1778696531.833		567	116	28	377	46	381	79	129	0	200
1778696531.871		606	78	24	455	49	458	84	312	0	200
1778696531.909	close]	458	72	24	265	97	267	98	126	0	404
1778696531.947		536	66	20	408	42	408	79	129	0	200
1778696531.985		445	65	20	319	41	321	84	312	0	200
1778696532.022	close]	499	72	23	369	35	361	98	126	0	404
1778696532.060		505	66	22	356	61	356	79	129	0	200
1778696532.097		635	80	24	488	43	490	84	312	0	200
1778696532.135	close]	606	96	24	436	50	437	98	126	0	404
1778696532.172		548	85	22	409	32	409	79	129	0	200
1778696532.210		568	82	26	416	44	417	84	312	0	200
1778696532.247	close]	545	76	31	393	45	394	98	126	0	404
1778696532.285		569	88	26	424	31	425	79	129	0	200
1778696532.322		669	96	24	501	48	503	84	312	0	200
1778696532.360	close]	550	111	28	353	58	355	98	126	0	404
1778696532.397		526	69	24	399	34	401	79	129	0	200
1778696532.435		601	80	24	439	58	439	84	312	0	200
1778696532.472	close]	590	83	24	440	43	413	98	126	0	404
1778696532.509		566	69	22	444	31	444	79	129	0	200
1778696532.547		588	78	25	420	65	422	84	312	0	200
1778696532.584	close]	489	78	23	342	46	344	98	126	0	404
1778696532.621		541	77	21	401	42	401	79	129	0	200
1778696532.659		565	70	22	430	43	430	84	312	0	200
1778696532.696	close]	484	71	23	350	40	351	98	126	0	404
1778696532.733		485	79	23	342	41	345	79	129	0	200
1778696532.770		530	68	21	409	32	410	84	312	0	200
1778696532.807	close]	1016	120	29	834	33	837	98	126	0	404
1778696532.843		660	123	29	445	63	445	79	129	0	200
1778696532.882		603	94	25	440	44	441	84	312	0	200
1778696532.919	close]	484	77	22	333	52	335	98	126	0	404
1778696532.956		501	71	23	339	68	339	79	129	0	200
1778696532.993		438	67	16	301	54	302	84	312	0	200
1778696533.030	close]	503	68	21	385	29	384	98	126	0	404
1778696533.067		541	70	18	407	46	409	79	129	0	200
1778696533.104		439	74	21	312	32	313	84	312	0	200
1778696533.141	close]	788	110	27	616	35	619	98	126	0	404
1778696533.178		615	105	28	420	62	422	79	129	0	200
1778696533.215		573	98	24	404	47	388	84	312	0	200
1778696533.252	close]	579	78	21	438	42	439	98	126	0	404
1778696533.289		555	79	22	408	46	411	79	129	0	200
1778696533.325		607	80	23	433	71	435	84	312	0	200
1778696533.362	close]	564	70	23	423	48	424	98	126	0	404
1778696533.399		513	79	23	373	38	375	79	129	0	200
1778696533.436		575	76	25	429	45	431	84	312	0	200
1778696533.473	close]	529	70	23	394	42	394	98	126	0	404
1778696533.510		454	72	23	314	45	315	79	129	0	200
1778696533.546		543	99	26	376	42	378	84	312	0	200
1778696533.583	close]	570	77	24	403	66	405	98	126	0	404
1778696533.620		580	80	22	426	52	427	79	129	0	200
1778696533.656		564	75	22	374	93	375	84	312	0	200
1778696533.693	close]	560	80	22	416	42	417	98	126	0	404
1778696533.730		501	92	26	307	76	309	79	129	0	200
1778696533.766		517	77	18	357	65	359	84	312	0	200
1778696533.803	close]	760	110	27	580	43	582	98	126	0	404
1778696533.840		591	94	26	401	70	405	79	129	0	200
1778696533.876		510	76	23	359	52	361	84	312	0	200
1778696533.913	close]	536	60	19	405	52	404	98	126	0	404
1778696533.949		506	56	18	394	38	394	79	129	0	200
1778696533.986		500	79	23	359	39	360	84	312	0	200
1778696534.022	close]	423	73	23	295	32	297	98	126	0	404
1778696534.058		554	75	22	400	57	401	79	129	0	200
1778696534.095		601	74	23	374	130	375	84	312	0	200
1778696534.132	close]	481	75	22	340	44	342	98	126	0	404
1778696534.168		526	125	28	340	33	343	79	129	0	200
1778696534.203		646	108	49	455	34	457	84	312	0	200
1778696534.241	close]	505	75	23	362	45	343	98	126	0	404
1778696534.277		572	86	25	412	49	414	79	129	0	200
1778696534.313		1286	124	29	1093	40	1096	84	312	0	200
1778696534.349	close]	574	113	29	378	54	382	98	126	0	404
1778696534.386		487	89	25	337	36	339	79	129	0	200
1778696534.422		502	72	26	367	37	367	84	312	0	200
1778696534.458	close]	384	78	24	251	31	253	98	126	0	404
1778696534.495		453	74	24	321	34	322	79	129	0	200
1778696534.531		474	76	22	345	31	350	84	312	0	200
1778696534.566	close]	497	91	21	336	49	336	98	126	0	404
1778696534.603		457	64	17	311	65	312	79	129	0	200
1778696534.639		444	75	23	280	66	282	84	312	0	200
1778696534.675	close]	519	66	21	390	42	391	98	126	0	404
1778696534.712		515	77	22	376	40	376	79	129	0	200
1778696534.748		524	69	21	377	57	376	84	312	0	200
1778696534.784	close]	555	107	27	391	30	392	98	126	0	404
1778696534.819		731	120	25	555	31	558	79	129	0	200
1778696534.855		629	122	28	425	54	426	84	312	0	200
1778696534.892	close]	456	74	25	328	29	329	98	126	0	404
1778696534.928		594	73	23	452	46	453	79	129	0	200
1778696534.964		477	71	23	338	45	337	84	312	0	200
1778696535.000	close]	512	85	23	325	79	326	98	126	0	404
1778696535.036		515	74	18	385	38	385	79	129	0	200
1778696535.072		610	80	25	462	43	462	84	312	0	200
1778696535.107	close]	449	66	21	326	36	325	98	126	0	404
1778696535.143		454	67	20	334	33	335	79	129	0	200
1778696535.179		789	127	30	590	42	591	84	312	0	200
1778696535.215	close]	620	108	28	435	49	437	98	126	0	404
1778696535.250		484	79	23	345	37	346	79	129	0	200
1778696535.287		608	77	22	430	79	430	84	312	0	200
1778696535.322	close]	781	130	29	582	40	585	98	126	0	404
1778696535.358		687	87	26	497	77	498	79	129	0	200
1778696535.394		686	113	30	459	84	462	84	312	0	200
1778696535.430	close]	541	80	24	384	53	385	98	126	0	404
1778696535.465		592	81	23	442	46	444	79	129	0	200
1778696535.501		521	68	20	404	29	406	84	312	0	200
1778696535.537	close]	498	77	23	354	44	354	98	126	0	404
1778696535.571		526	84	22	366	54	367	79	129	0	200
1778696535.608		554	71	22	403	58	403	84	312	0	200
1778696535.644	close]	540	74	23	401	42	404	98	126	0	404
1778696535.679		512	76	22	361	53	362	79	129	0	200
1778696535.715		538	73	22	345	98	346	84	312	0	200
1778696535.750	close]	451	74	21	288	68	291	98	126	0	404
1778696535.785		540	87	22	388	43	388	79	129	0	200
1778696535.820		774	121	28	586	39	590	84	312	0	200
1778696535.856	close]	533	86	58	355	34	356	98	126	0	404
1778696535.892		506	79	24	370	33	372	79	129	0	200
1778696535.928		426	70	22	303	31	305	84	312	0	200
1778696535.963	close]	616	73	22	478	43	478	98	126	0	404
1778696535.999		516	72	23	315	106	301	79	129	0	200
1778696536.034		610	86	25	449	50	450	84	312	0	200
1778696536.069	close]	591	92	34	396	69	396	98	126	0	404
1778696536.105		610	77	18	428	87	428	79	129	0	200
1778696536.140		568	75	19	430	44	419	84	312	0	200
1778696536.174	close]	574	109	27	378	60	379	98	126	0	404
1778696536.211		637	106	30	436	65	439	79	129	0	200
1778696536.246		583	73	22	435	53	436	84	312	0	200
1778696536.281	close]	502	82	22	357	41	360	98	126	0	404
1778696536.317		1000	131	30	803	36	806	79	129	0	200
1778696536.352		605	95	28	447	35	451	84	312	0	200
1778696536.387	close]	557	79	26	406	46	408	98	126	0	404
1778696536.422		507	78	34	352	43	354	79	129	0	200
1778696536.457		499	76	24	281	118	282	84	312	0	200
1778696536.492	close]	504	77	26	327	74	327	98	126	0	404
1778696536.528		505	80	24	360	41	361	79	129	0	200
1778696536.563		434	69	22	314	29	314	84	312	0	200
1778696536.597	close]	549	85	38	341	85	341	98	126	0	404
1778696536.633		535	90	22	307	116	306	79	129	0	200
1778696536.668		535	85	24	370	56	372	84	312	0	200
1778696536.703	close]	468	67	20	348	33	349	98	126	0	404
1778696536.738		488	78	24	355	31	356	79	129	0	200
1778696536.772		616	92	24	450	50	451	84	312	0	200
1778696536.807	close]	872	122	28	686	36	690	98	126	0	404
1778696536.842		577	106	50	367	54	370	79	129	0	200
1778696536.878		622	87	27	458	50	459	84	312	0	200
1778696536.913	close]	626	87	24	470	45	471	98	126	0	404
1778696536.948		551	76	22	396	57	397	79	129	0	200
1778696536.983		537	67	21	421	28	421	84	312	0	200
1778696537.018	close]	498	68	22	365	43	367	98	126	0	404
1778696537.053		526	61	20	391	54	390	79	129	0	200
1778696537.088		576	77	23	433	43	426	84	312	0	200
1778696537.122	close]	560	78	23	393	66	394	98	126	0	404
1778696537.156		507	72	23	371	41	373	79	129	0	200
1778696537.192		545	75	25	411	34	413	84	312	0	200
1778696537.227	close]	738	123	30	390	195	393	98	126	0	404
1778696537.261		596	98	23	426	49	427	79	129	0	200
1778696537.296		918	127	31	727	33	730	84	312	0	200
1778696537.330	close]	655	126	26	421	82	424	98	126	0	404
1778696537.366		689	103	27	511	48	515	79	129	0	200
1778696537.401		503	69	16	385	33	386	84	312	0	200
1778696537.435	close]	568	78	23	409	58	408	98	126	0	404
1778696537.470		591	79	23	357	132	358	79	129	0	200
1778696537.505		513	73	20	391	29	391	84	312	0	200
1778696537.539	close]	586	74	18	437	57	438	98	126	0	404
1778696537.574		432	67	19	308	38	308	79	129	0	200
1778696537.608		451	60	20	335	36	336	84	312	0	200
1778696537.643	close]	480	72	21	334	53	336	98	126	0	404
1778696537.678		474	66	18	290	100	291	79	129	0	200
1778696537.712		489	67	20	362	40	363	84	312	0	200
1778696537.747	close]	469	77	24	329	39	330	98	126	0	404
1778696537.780		516	65	20	379	52	381	79	129	0	200
1778696537.816		705	113	27	528	37	529	84	312	0	200
1778696537.850	close]	602	101	30	423	48	426	98	126	0	404
1778696537.885		621	79	25	474	43	475	79	129	0	200
1778696537.919		558	72	22	416	48	417	84	312	0	200
1778696537.953	close]	442	80	23	290	49	293	98	126	0	404
1778696537.988		503	93	21	357	32	359	79	129	0	200
1778696538.022		588	75	23	395	95	395	84	312	0	200
1778696538.057	close]	561	93	26	409	33	412	98	126	0	404
1778696538.091		481	105	25	318	33	319	79	129	0	200
1778696538.125		480	74	22	342	42	342	84	312	0	200
1778696538.160	close]	532	77	21	391	43	393	98	126	0	404
1778696538.194		546	71	21	394	60	395	79	129	0	200
1778696538.228		770	113	26	589	42	592	84	312	0	200
1778696538.262	close]	565	107	25	387	46	389	98	126	0	404
1778696538.296		955	114	23	776	42	778	79	129	0	200
1778696538.330		988	120	29	615	224	618	84	312	0	200
1778696538.364	close]	653	101	28	477	47	481	98	126	0	404
1778696538.399		485	64	20	310	91	312	79	129	0	200
1778696538.434		440	75	23	314	28	315	84	312	0	200
1778696538.468	close]	675	85	24	497	69	499	98	126	0	404
1778696538.502		452	71	22	305	54	308	79	129	0	200
1778696538.536		450	64	20	340	26	341	84	312	0	200
1778696538.570	close]	449	72	25	323	29	325	98	126	0	404
1778696538.604		511	63	22	313	113	314	79	129	0	200
1778696538.638		517	95	23	369	30	370	84	312	0	200
1778696538.672	close]	522	68	21	384	49	386	98	126	0	404
1778696538.707		520	64	20	364	72	365	79	129	0	200
1778696538.740		477	81	21	327	48	260	84	312	0	200
1778696538.775	close]	488	70	21	319	78	320	98	126	0	404
1778696538.809		769	121	29	584	35	587	79	129	0	200
1778696538.843		551	96	24	396	35	398	84	312	0	200
1778696538.877	close]	548	79	30	393	46	396	98	126	0	404
1778696538.911		507	74	22	363	48	363	79	129	0	200
1778696538.944		572	71	23	425	53	425	84	312	0	200
1778696538.978	close]	453	63	21	339	30	338	98	126	0	404
1778696539.012		475	72	22	248	133	249	79	129	0	200
1778696539.046		443	72	21	320	30	320	84	312	0	200
1778696539.080	close]	496	75	18	268	135	268	98	126	0	404
1778696539.113		597	83	22	448	44	455	79	129	0	200
1778696539.148		433	73	22	289	49	291	84	312	0	200
1778696539.182	close]	506	75	22	364	45	370	98	126	0	404
1778696539.214		526	69	19	399	39	400	79	129	0	200
1778696539.249		1653	100	23	1434	96	1436	84	312	0	200
1778696539.283	close]	645	87	23	462	73	465	98	126	0	404
1778696539.317		885	108	24	723	30	726	79	129	0	200
1778696539.351		530	67	18	400	45	401	84	312	0	200
1778696539.384	close]	569	105	29	390	45	394	98	126	0	404
