2026-05-13 18:17:59,517 [INFO] root consoleworker.py:434	Log file created
2026-05-13 18:17:59,517 [INFO] root consoleworker.py:438	Logging handler <logging.FileHandler object at 0x7b9d63b55c50> added
2026-05-13 18:17:59,517 [INFO] root consoleworker.py:438	Logging handler <logging.StreamHandler object at 0x7b9d63b9c890> added
2026-05-13 18:17:59,517 [INFO] root consoleworker.py:438	Logging handler <logging.StreamHandler object at 0x7b9d63b41a90> added
2026-05-13 18:17:59,518 [INFO] root consoleworker.py:373	Created a folder for the test. /var/loadtest/logs/2026-05-13_18-17-59.492007
2026-05-13 18:17:59,518 [INFO] yandextank.core.tankcore tankcore.py:237	Configuring plugins...
2026-05-13 18:17:59,518 [INFO] yandextank.core.tankcore tankcore.py:190	Loading plugins...
2026-05-13 18:17:59,518 [DEBUG] yandextank.core.tankcore tankcore.py:192	Loading plugin phantom from yandextank.plugins.Phantom
2026-05-13 18:17:59,519 [DEBUG] yandextank.core.tankcore tankcore.py:192	Loading plugin rcheck from yandextank.plugins.ResourceCheck
2026-05-13 18:17:59,519 [DEBUG] yandextank.core.tankcore tankcore.py:192	Loading plugin json_report from yandextank.plugins.JsonReport
2026-05-13 18:17:59,519 [DEBUG] yandextank.core.tankcore tankcore.py:192	Loading plugin rcassert from yandextank.plugins.RCAssert
2026-05-13 18:17:59,519 [DEBUG] yandextank.core.tankcore tankcore.py:192	Loading plugin console from yandextank.plugins.Console
2026-05-13 18:17:59,519 [DEBUG] yandextank.core.tankcore tankcore.py:192	Loading plugin shellexec from yandextank.plugins.ShellExec
2026-05-13 18:17:59,519 [DEBUG] yandextank.core.tankcore tankcore.py:192	Loading plugin autostop from yandextank.plugins.Autostop
2026-05-13 18:17:59,519 [DEBUG] yandextank.core.tankcore tankcore.py:212	Plugin instances: {'plugin_phantom': <yandextank.plugins.Phantom.plugin.Plugin object at 0x7b9d63b0e050>, 'plugin_autostop': <yandextank.plugins.Autostop.plugin.Plugin object at 0x7b9d63836250>, 'plugin_shellexec': <yandextank.plugins.ShellExec.plugin.Plugin object at 0x7b9d63836110>, 'plugin_console': <yandextank.plugins.Console.plugin.Plugin object at 0x7b9d63836fd0>, 'plugin_rcassert': <yandextank.plugins.RCAssert.plugin.Plugin object at 0x7b9d63836050>, 'plugin_rcheck': <yandextank.plugins.ResourceCheck.plugin.Plugin object at 0x7b9d63b0ed50>, 'plugin_json_report': <yandextank.plugins.JsonReport.plugin.Plugin object at 0x7b9d63bbba50>}
2026-05-13 18:17:59,519 [DEBUG] yandextank.core.tankcore tankcore.py:244	Configuring <yandextank.plugins.Phantom.plugin.Plugin object at 0x7b9d63b0e050>
2026-05-13 18:17:59,519 [DEBUG] yandextank.core.tankcore tankcore.py:391	Searching for plugin: <class 'yandextank.plugins.Autostop.plugin.Plugin'>
2026-05-13 18:17:59,520 [DEBUG] yandextank.core.tankcore tankcore.py:446	Adding artifact file to collect (keep=False): /var/loadtest/logs/2026-05-13_18-17-59.492007/answ_QVxwxz.log
2026-05-13 18:17:59,520 [DEBUG] yandextank.core.tankcore tankcore.py:446	Adding artifact file to collect (keep=False): /var/loadtest/logs/2026-05-13_18-17-59.492007/phout_Llr6Vt.log
2026-05-13 18:17:59,520 [DEBUG] yandextank.core.tankcore tankcore.py:446	Adding artifact file to collect (keep=False): /var/loadtest/logs/2026-05-13_18-17-59.492007/phantom_stat_ChBIf7.log
2026-05-13 18:17:59,520 [DEBUG] yandextank.core.tankcore tankcore.py:446	Adding artifact file to collect (keep=False): /var/loadtest/logs/2026-05-13_18-17-59.492007/phantom_SFHVxQ.log
2026-05-13 18:17:59,520 [DEBUG] yandextank.common.util util.py:479	Trying to resolve address string: 127.0.0.1:8080
2026-05-13 18:17:59,521 [DEBUG] yandextank.common.util util.py:516	Parsing port
2026-05-13 18:17:59,521 [DEBUG] yandextank.common.util util.py:527	Lookup result: [(2, 1, 6, '', ('127.0.0.1', 8080)), (2, 2, 17, '', ('127.0.0.1', 8080)), (2, 3, 0, '', ('127.0.0.1', 8080))]
2026-05-13 18:17:59,521 [INFO] yandextank.common.util util.py:546	Testing connection to resolved address 127.0.0.1 and port 8080
2026-05-13 18:17:59,521 [INFO] yandextank.plugins.Phantom.utils utils.py:278	Resolved 127.0.0.1 into 127.0.0.1:8080
2026-05-13 18:17:59,521 [INFO] yandextank.stepper.main main.py:161	Configuring StepperWrapper...
2026-05-13 18:17:59,521 [DEBUG] yandextank.stepper.main main.py:140	Option ammofile = /home/tworobey/linux/server/ammo.txt
2026-05-13 18:17:59,521 [DEBUG] yandextank.stepper.main main.py:140	Option ammo_type = uri
2026-05-13 18:17:59,521 [DEBUG] yandextank.stepper.main main.py:140	Option loop = -1
2026-05-13 18:17:59,521 [DEBUG] yandextank.stepper.main main.py:140	Option ammo_limit = -1
2026-05-13 18:17:59,521 [DEBUG] yandextank.stepper.main main.py:140	Option load_profile = {'load_type': 'rps', 'schedule': 'line(5, 30, 1m)'}
2026-05-13 18:17:59,521 [DEBUG] yandextank.stepper.main main.py:140	Option instances = 1000
2026-05-13 18:17:59,521 [DEBUG] yandextank.stepper.main main.py:140	Option uris = []
2026-05-13 18:17:59,521 [DEBUG] yandextank.stepper.main main.py:140	Option headers = []
2026-05-13 18:17:59,521 [DEBUG] yandextank.stepper.main main.py:140	Option header_http = 1.0
2026-05-13 18:17:59,522 [DEBUG] yandextank.stepper.main main.py:140	Option autocases = 0
2026-05-13 18:17:59,522 [DEBUG] yandextank.stepper.main main.py:140	Option enum_ammo = False
2026-05-13 18:17:59,522 [DEBUG] yandextank.stepper.main main.py:140	Option use_caching = True
2026-05-13 18:17:59,522 [DEBUG] yandextank.stepper.main main.py:140	Option file_cache = 8192
2026-05-13 18:17:59,522 [DEBUG] yandextank.stepper.main main.py:140	Option cache_dir = None
2026-05-13 18:17:59,522 [DEBUG] yandextank.stepper.main main.py:140	Option force_stepping = 0
2026-05-13 18:17:59,522 [DEBUG] yandextank.stepper.main main.py:140	Option load_profile = {'load_type': 'rps', 'schedule': 'line(5, 30, 1m)'}
2026-05-13 18:17:59,522 [DEBUG] yandextank.stepper.main main.py:140	Option chosen_cases = 
2026-05-13 18:17:59,523 [ERROR] root consoleworker.py:268	Exception occurred:
<type 'exceptions.OSError'>: [Errno 2] No such file or directory: '/home/tworobey/linux/server/ammo.txt'
  File "/usr/local/lib/python2.7/dist-packages/yandextank/core/consoleworker.py", line 375, in run
    self.core.plugins_configure()

  File "/usr/local/lib/python2.7/dist-packages/yandextank/core/tankcore.py", line 245, in plugins_configure
    plugin.configure()

  File "/usr/local/lib/python2.7/dist-packages/yandextank/plugins/Phantom/plugin.py", line 72, in configure
    self.phantom_config = self.phantom.config_file

  File "/usr/local/lib/python2.7/dist-packages/yandextank/plugins/Phantom/utils.py", line 106, in config_file
    self._config_file = self.compose_config()

  File "/usr/local/lib/python2.7/dist-packages/yandextank/plugins/Phantom/utils.py", line 114, in compose_config
    streams_config += stream.compose_config()

  File "/usr/local/lib/python2.7/dist-packages/yandextank/plugins/Phantom/utils.py", line 288, in compose_config
    self.stepper_wrapper.prepare_stepper()

  File "/usr/local/lib/python2.7/dist-packages/yandextank/stepper/main.py", line 212, in prepare_stepper
    self.stpd = self.__get_stpd_filename()

  File "/usr/local/lib/python2.7/dist-packages/yandextank/stepper/main.py", line 263, in __get_stpd_filename
    hashed_str += sep + opener.hash

  File "/usr/local/lib/python2.7/dist-packages/netort/resource.py", line 147, in hash
    stat = os.stat(self.f_path)

2026-05-13 18:17:59,523 [INFO] root consoleworker.py:269	Trying to clean up
2026-05-13 18:17:59,523 [INFO] yandextank.core.tankcore tankcore.py:561	Releasing lock: /var/lock/lunapark_mF41Xn.lock
2026-05-13 18:17:59,524 [WARNING] root consoleworker.py:408	Job number is not available yet
2026-05-13 18:17:59,524 [WARNING] root consoleworker.py:415	Job number is not available yet
2026-05-13 18:17:59,526 [DEBUG] yandextank.core.tankcore tankcore.py:367	Collecting artifacts
2026-05-13 18:17:59,526 [INFO] yandextank.core.tankcore tankcore.py:368	Artifacts dir: /var/loadtest/logs/2026-05-13_18-17-59.492007
2026-05-13 18:17:59,526 [DEBUG] yandextank.core.tankcore tankcore.py:422	Collecting file: /var/loadtest/logs/2026-05-13_18-17-59.492007/phantom_SFHVxQ.log to /var/loadtest/logs/2026-05-13_18-17-59.492007/phantom_SFHVxQ.log
2026-05-13 18:17:59,526 [WARNING] yandextank.core.tankcore tankcore.py:429	File already exists: /var/loadtest/logs/2026-05-13_18-17-59.492007/phantom_SFHVxQ.log
2026-05-13 18:17:59,526 [DEBUG] yandextank.core.tankcore tankcore.py:422	Collecting file: /var/loadtest/logs/2026-05-13_18-17-59.492007/answ_QVxwxz.log to /var/loadtest/logs/2026-05-13_18-17-59.492007/answ_QVxwxz.log
2026-05-13 18:17:59,526 [WARNING] yandextank.core.tankcore tankcore.py:429	File already exists: /var/loadtest/logs/2026-05-13_18-17-59.492007/answ_QVxwxz.log
2026-05-13 18:17:59,526 [DEBUG] yandextank.core.tankcore tankcore.py:422	Collecting file: validation_error.yaml to /var/loadtest/logs/2026-05-13_18-17-59.492007/validation_error.yaml
2026-05-13 18:17:59,527 [WARNING] yandextank.core.tankcore tankcore.py:424	File not found to collect: validation_error.yaml
2026-05-13 18:17:59,527 [DEBUG] yandextank.core.tankcore tankcore.py:422	Collecting file: /var/loadtest/logs/2026-05-13_18-17-59.492007/phantom_stat_ChBIf7.log to /var/loadtest/logs/2026-05-13_18-17-59.492007/phantom_stat_ChBIf7.log
2026-05-13 18:17:59,527 [WARNING] yandextank.core.tankcore tankcore.py:429	File already exists: /var/loadtest/logs/2026-05-13_18-17-59.492007/phantom_stat_ChBIf7.log
2026-05-13 18:17:59,527 [DEBUG] yandextank.core.tankcore tankcore.py:422	Collecting file: /var/loadtest/logs/2026-05-13_18-17-59.492007/phout_Llr6Vt.log to /var/loadtest/logs/2026-05-13_18-17-59.492007/phout_Llr6Vt.log
2026-05-13 18:17:59,527 [WARNING] yandextank.core.tankcore tankcore.py:429	File already exists: /var/loadtest/logs/2026-05-13_18-17-59.492007/phout_Llr6Vt.log
