2026-05-13 18:15:48,954 [INFO] root tankworker.py:179	Log file created
2026-05-13 18:15:48,954 [INFO] root tankworker.py:184	Logging handler <FileHandler /home/tworobey/linux/server/tank_errors.log (WARNING)> added
2026-05-13 18:15:48,954 [INFO] root tankworker.py:184	Logging handler <StreamHandler <stdout> (INFO)> added
2026-05-13 18:15:48,954 [INFO] root tankworker.py:184	Logging handler <StreamHandler <stderr> (NOTSET)> added
2026-05-13 18:15:48,962 [INFO] root tankworker.py:99	Created a folder for the test. /home/tworobey/linux/server/logs/2026-05-13_18-15-48.930150
2026-05-13 18:15:48,962 [INFO] yandextank.core.tankcore tankcore.py:272	Configuring plugins...
2026-05-13 18:15:48,962 [INFO] yandextank.core.tankcore tankcore.py:216	Loading plugins...
2026-05-13 18:15:48,962 [INFO] yandextank.core.tankcore tankcore.py:227	Trying to import plugin rcheck from path yandextank.plugins.ResourceCheck
2026-05-13 18:15:48,962 [INFO] yandextank.core.tankcore tankcore.py:227	Trying to import plugin console from path yandextank.plugins.Console
2026-05-13 18:15:48,963 [INFO] yandextank.core.tankcore tankcore.py:227	Trying to import plugin json_report from path yandextank.plugins.JsonReport
2026-05-13 18:15:48,963 [INFO] yandextank.core.tankcore tankcore.py:227	Trying to import plugin phantom from path yandextank.plugins.Phantom
2026-05-13 18:15:48,963 [INFO] yandextank.core.tankcore tankcore.py:227	Trying to import plugin shellexec from path yandextank.plugins.ShellExec
2026-05-13 18:15:48,963 [INFO] yandextank.core.tankcore tankcore.py:227	Trying to import plugin autostop from path yandextank.plugins.Autostop
2026-05-13 18:15:48,964 [INFO] yandextank.core.tankcore tankcore.py:227	Trying to import plugin rcassert from path yandextank.plugins.RCAssert
2026-05-13 18:15:48,967 [INFO] yandextank.common.util util.py:560	Testing connection to resolved address 127.0.0.1 and port 8080
2026-05-13 18:15:48,967 [INFO] yandextank.plugins.Phantom.utils utils.py:277	Resolved 127.0.0.1 into 127.0.0.1:8080
2026-05-13 18:15:48,967 [INFO] yandextank.stepper.main main.py:195	Configuring StepperWrapper...
2026-05-13 18:15:48,968 [INFO] yandextank.stepper.main main.py:334	Making stpd-file: /home/tworobey/linux/server/logs/ammo.txt_8113347645f2a7cb5743038a45bf261d.stpd
2026-05-13 18:15:48,969 [INFO] yandextank.stepper.missile missile.py:279	Loading ammo from '/home/tworobey/linux/server/ammo.txt' using URI format.
2026-05-13 18:15:48,969 [INFO] yandextank.stepper.config config.py:124	Using UriReader ammo reader
2026-05-13 18:15:48,995 [INFO] yandextank.core.tankcore tankcore.py:289	Preparing test...
2026-05-13 18:15:48,995 [INFO] yandextank.common.interfaces plugin.py:39	Checking tank resources...
2026-05-13 18:15:48,995 [INFO] yandextank.contrib.netort.netort.process process.py:24	Starting: sh -c "df --no-sync -m -P -x fuse -x tmpfs -x devtmpfs -x davfs -x nfs /home/tworobey/linux/server/logs | tail -n 1 | awk '{print \$4}' "
2026-05-13 18:15:49,003 [INFO] yandextank.contrib.netort.netort.process process.py:53	Process cmd: sh -c "df --no-sync -m -P -x fuse -x tmpfs -x devtmpfs -x davfs -x nfs /home/tworobey/linux/server/logs | tail -n 1 | awk '{print \$4}' " – exit code: 0
2026-05-13 18:15:49,003 [INFO] yandextank.contrib.netort.netort.process process.py:24	Starting: ['phantom', 'check', '/home/tworobey/linux/server/logs/2026-05-13_18-15-48.930150/phantom_6j74uqlq.conf']
2026-05-13 18:15:49,005 [ERROR] yandextank.common.util util.py:819	Exception occurred:
<class 'OSError'>: Phantom I/O engine not found. 
More information: http://yandextank.readthedocs.io/en/latest/install.html
  File "/home/tworobey/.pyenv/versions/3.10.4/lib/python3.10/site-packages/yandextank/core/tankworker.py", line 102, in run
    self.core.plugins_prepare_test()

  File "/home/tworobey/.pyenv/versions/3.10.4/lib/python3.10/site-packages/yandextank/core/tankcore.py", line 294, in plugins_prepare_test
    plugin.prepare_test()

  File "/home/tworobey/.pyenv/versions/3.10.4/lib/python3.10/site-packages/yandextank/plugins/Phantom/plugin.py", line 104, in prepare_test
    raise OSError("Phantom I/O engine not found. \nMore information: {doc_url}".format(

2026-05-13 18:15:49,005 [INFO] yandextank.common.util util.py:820	Trying to clean up
2026-05-13 18:15:49,005 [INFO] yandextank.core.tankcore tankcore.py:579	Cleaning up plugin plugin_rcheck
2026-05-13 18:15:49,005 [INFO] yandextank.core.tankcore tankcore.py:579	Cleaning up plugin plugin_console
2026-05-13 18:15:49,005 [INFO] yandextank.core.tankcore tankcore.py:579	Cleaning up plugin plugin_json_report
2026-05-13 18:15:49,005 [INFO] yandextank.core.tankcore tankcore.py:579	Cleaning up plugin plugin_phantom
2026-05-13 18:15:49,005 [INFO] yandextank.core.tankcore tankcore.py:579	Cleaning up plugin plugin_shellexec
2026-05-13 18:15:49,005 [INFO] yandextank.core.tankcore tankcore.py:579	Cleaning up plugin plugin_autostop
2026-05-13 18:15:49,006 [INFO] yandextank.core.tankcore tankcore.py:579	Cleaning up plugin plugin_rcassert
2026-05-13 18:15:49,006 [INFO] yandextank.core.tankcore tankcore.py:650	Releasing lock: /var/lock/lunapark_68cq_lkj.lock
