2026-05-13 18:11:20,256	Exception occurred:
<class 'RuntimeError'>: All connection attempts failed for 127.0.0.1, use {phantom.connection_test: false} to disable it
  File "/home/tworobey/.pyenv/versions/3.10.4/lib/python3.10/site-packages/yandextank/core/tankworker.py", line 100, in run
    self.core.plugins_configure()

  File "/home/tworobey/.pyenv/versions/3.10.4/lib/python3.10/site-packages/yandextank/core/tankcore.py", line 280, in plugins_configure
    plugin.configure()

  File "/home/tworobey/.pyenv/versions/3.10.4/lib/python3.10/site-packages/yandextank/plugins/Phantom/plugin.py", line 67, in configure
    self.phantom_config = self.phantom.config_file

  File "/home/tworobey/.pyenv/versions/3.10.4/lib/python3.10/site-packages/yandextank/plugins/Phantom/plugin.py", line 76, in phantom
    self._phantom.read_config()

  File "/home/tworobey/.pyenv/versions/3.10.4/lib/python3.10/site-packages/yandextank/plugins/Phantom/utils.py", line 95, in read_config
    stream.read_config()

  File "/home/tworobey/.pyenv/versions/3.10.4/lib/python3.10/site-packages/yandextank/plugins/Phantom/utils.py", line 274, in read_config
    self.ipv6, self.resolved_ip, self.port, self.address = self.address_wizard.resolve(

  File "/home/tworobey/.pyenv/versions/3.10.4/lib/python3.10/site-packages/yandextank/common/util.py", line 569, in resolve
    raise RuntimeError(msg % address_str)

2026-05-13 18:12:12,301	Exception occurred:
<class 'FileNotFoundError'>: [Errno 2] No such file or directory: '/var/loadtest/ammo.txt'
  File "/home/tworobey/.pyenv/versions/3.10.4/lib/python3.10/site-packages/yandextank/core/tankworker.py", line 100, in run
    self.core.plugins_configure()

  File "/home/tworobey/.pyenv/versions/3.10.4/lib/python3.10/site-packages/yandextank/core/tankcore.py", line 280, in plugins_configure
    plugin.configure()

  File "/home/tworobey/.pyenv/versions/3.10.4/lib/python3.10/site-packages/yandextank/plugins/Phantom/plugin.py", line 67, in configure
    self.phantom_config = self.phantom.config_file

  File "/home/tworobey/.pyenv/versions/3.10.4/lib/python3.10/site-packages/yandextank/plugins/Phantom/utils.py", line 106, in config_file
    self._config_file = self.compose_config()

  File "/home/tworobey/.pyenv/versions/3.10.4/lib/python3.10/site-packages/yandextank/plugins/Phantom/utils.py", line 114, in compose_config
    streams_config += stream.compose_config()

  File "/home/tworobey/.pyenv/versions/3.10.4/lib/python3.10/site-packages/yandextank/plugins/Phantom/utils.py", line 287, in compose_config
    self.stepper_wrapper.prepare_stepper()

  File "/home/tworobey/.pyenv/versions/3.10.4/lib/python3.10/site-packages/yandextank/stepper/main.py", line 246, in prepare_stepper
    self.stpd = self.__get_stpd_filename()

  File "/home/tworobey/.pyenv/versions/3.10.4/lib/python3.10/site-packages/yandextank/stepper/main.py", line 297, in __get_stpd_filename
    hashed_str += sep + opener.hash

  File "/home/tworobey/.pyenv/versions/3.10.4/lib/python3.10/site-packages/yandextank/contrib/netort/netort/resource.py", line 262, in hash
    stat = os.stat(self.f_path)

2026-05-13 18:12:21,408	Exception occurred:
<class 'FileNotFoundError'>: [Errno 2] No such file or directory: '/var/loadtest/ammo.txt'
  File "/home/tworobey/.pyenv/versions/3.10.4/lib/python3.10/site-packages/yandextank/core/tankworker.py", line 100, in run
    self.core.plugins_configure()

  File "/home/tworobey/.pyenv/versions/3.10.4/lib/python3.10/site-packages/yandextank/core/tankcore.py", line 280, in plugins_configure
    plugin.configure()

  File "/home/tworobey/.pyenv/versions/3.10.4/lib/python3.10/site-packages/yandextank/plugins/Phantom/plugin.py", line 67, in configure
    self.phantom_config = self.phantom.config_file

  File "/home/tworobey/.pyenv/versions/3.10.4/lib/python3.10/site-packages/yandextank/plugins/Phantom/utils.py", line 106, in config_file
    self._config_file = self.compose_config()

  File "/home/tworobey/.pyenv/versions/3.10.4/lib/python3.10/site-packages/yandextank/plugins/Phantom/utils.py", line 114, in compose_config
    streams_config += stream.compose_config()

  File "/home/tworobey/.pyenv/versions/3.10.4/lib/python3.10/site-packages/yandextank/plugins/Phantom/utils.py", line 287, in compose_config
    self.stepper_wrapper.prepare_stepper()

  File "/home/tworobey/.pyenv/versions/3.10.4/lib/python3.10/site-packages/yandextank/stepper/main.py", line 246, in prepare_stepper
    self.stpd = self.__get_stpd_filename()

  File "/home/tworobey/.pyenv/versions/3.10.4/lib/python3.10/site-packages/yandextank/stepper/main.py", line 297, in __get_stpd_filename
    hashed_str += sep + opener.hash

  File "/home/tworobey/.pyenv/versions/3.10.4/lib/python3.10/site-packages/yandextank/contrib/netort/netort/resource.py", line 262, in hash
    stat = os.stat(self.f_path)

2026-05-13 18:15:49,005	Exception occurred:
<class 'OSError'>: Phantom I/O engine not found. 
More information: http://yandextank.readthedocs.io/en/latest/install.html
  File "/home/tworobey/.pyenv/versions/3.10.4/lib/python3.10/site-packages/yandextank/core/tankworker.py", line 102, in run
    self.core.plugins_prepare_test()

  File "/home/tworobey/.pyenv/versions/3.10.4/lib/python3.10/site-packages/yandextank/core/tankcore.py", line 294, in plugins_prepare_test
    plugin.prepare_test()

  File "/home/tworobey/.pyenv/versions/3.10.4/lib/python3.10/site-packages/yandextank/plugins/Phantom/plugin.py", line 104, in prepare_test
    raise OSError("Phantom I/O engine not found. \nMore information: {doc_url}".format(

2026-05-13 18:17:59,523	Exception occurred:
<type 'exceptions.OSError'>: [Errno 2] No such file or directory: '/home/tworobey/linux/server/ammo.txt'
  File "/usr/local/lib/python2.7/dist-packages/yandextank/core/consoleworker.py", line 375, in run
    self.core.plugins_configure()

  File "/usr/local/lib/python2.7/dist-packages/yandextank/core/tankcore.py", line 245, in plugins_configure
    plugin.configure()

  File "/usr/local/lib/python2.7/dist-packages/yandextank/plugins/Phantom/plugin.py", line 72, in configure
    self.phantom_config = self.phantom.config_file

  File "/usr/local/lib/python2.7/dist-packages/yandextank/plugins/Phantom/utils.py", line 106, in config_file
    self._config_file = self.compose_config()

  File "/usr/local/lib/python2.7/dist-packages/yandextank/plugins/Phantom/utils.py", line 114, in compose_config
    streams_config += stream.compose_config()

  File "/usr/local/lib/python2.7/dist-packages/yandextank/plugins/Phantom/utils.py", line 288, in compose_config
    self.stepper_wrapper.prepare_stepper()

  File "/usr/local/lib/python2.7/dist-packages/yandextank/stepper/main.py", line 212, in prepare_stepper
    self.stpd = self.__get_stpd_filename()

  File "/usr/local/lib/python2.7/dist-packages/yandextank/stepper/main.py", line 263, in __get_stpd_filename
    hashed_str += sep + opener.hash

  File "/usr/local/lib/python2.7/dist-packages/netort/resource.py", line 147, in hash
    stat = os.stat(self.f_path)

2026-05-13 18:17:59,524	Job number is not available yet
2026-05-13 18:17:59,524	Job number is not available yet
2026-05-13 18:17:59,526	File already exists: /var/loadtest/logs/2026-05-13_18-17-59.492007/phantom_SFHVxQ.log
2026-05-13 18:17:59,526	File already exists: /var/loadtest/logs/2026-05-13_18-17-59.492007/answ_QVxwxz.log
2026-05-13 18:17:59,527	File not found to collect: validation_error.yaml
2026-05-13 18:17:59,527	File already exists: /var/loadtest/logs/2026-05-13_18-17-59.492007/phantom_stat_ChBIf7.log
2026-05-13 18:17:59,527	File already exists: /var/loadtest/logs/2026-05-13_18-17-59.492007/phout_Llr6Vt.log
2026-05-13 18:20:51,291	Exception occurred:
<class 'FileNotFoundError'>: [Errno 2] No such file or directory: '/var/loadtest/ammo.txt'
  File "/home/tworobey/.pyenv/versions/3.10.4/lib/python3.10/site-packages/yandextank/core/tankworker.py", line 100, in run
    self.core.plugins_configure()

  File "/home/tworobey/.pyenv/versions/3.10.4/lib/python3.10/site-packages/yandextank/core/tankcore.py", line 280, in plugins_configure
    plugin.configure()

  File "/home/tworobey/.pyenv/versions/3.10.4/lib/python3.10/site-packages/yandextank/plugins/Phantom/plugin.py", line 67, in configure
    self.phantom_config = self.phantom.config_file

  File "/home/tworobey/.pyenv/versions/3.10.4/lib/python3.10/site-packages/yandextank/plugins/Phantom/utils.py", line 106, in config_file
    self._config_file = self.compose_config()

  File "/home/tworobey/.pyenv/versions/3.10.4/lib/python3.10/site-packages/yandextank/plugins/Phantom/utils.py", line 114, in compose_config
    streams_config += stream.compose_config()

  File "/home/tworobey/.pyenv/versions/3.10.4/lib/python3.10/site-packages/yandextank/plugins/Phantom/utils.py", line 287, in compose_config
    self.stepper_wrapper.prepare_stepper()

  File "/home/tworobey/.pyenv/versions/3.10.4/lib/python3.10/site-packages/yandextank/stepper/main.py", line 246, in prepare_stepper
    self.stpd = self.__get_stpd_filename()

  File "/home/tworobey/.pyenv/versions/3.10.4/lib/python3.10/site-packages/yandextank/stepper/main.py", line 297, in __get_stpd_filename
    hashed_str += sep + opener.hash

  File "/home/tworobey/.pyenv/versions/3.10.4/lib/python3.10/site-packages/yandextank/contrib/netort/netort/resource.py", line 262, in hash
    stat = os.stat(self.f_path)

2026-05-13 18:22:19,394	Interrupting
2026-05-13 18:22:21,298	Job number is not available yet
2026-05-13 18:22:21,298	Job number is not available yet
2026-05-13 18:22:21,299	File already exists: /var/loadtest/logs/2026-05-13_18-21-20.124560/phantom_76OP0K.conf
2026-05-13 18:22:21,299	File already exists: /var/loadtest/logs/2026-05-13_18-21-20.124560/answ_XIuTDY.log
2026-05-13 18:22:21,300	File already exists: /var/loadtest/logs/2026-05-13_18-21-20.124560/phantom_ei4vWv.log
2026-05-13 18:22:21,300	File already exists: /var/loadtest/logs/2026-05-13_18-21-20.124560/phantom_stat_tNj_To.log
2026-05-13 18:22:21,300	File not found to collect: validation_error.yaml
2026-05-13 18:22:21,300	File already exists: /var/loadtest/logs/2026-05-13_18-21-20.124560/phout_3GH00Z.log
2026-05-13 18:22:21,300	File already exists: /var/loadtest/logs/2026-05-13_18-21-20.124560/phantom_stdout_stderr_lC30QI.log
