2026-05-13 18:12:12,286 [INFO] root tankworker.py:179	Log file created
2026-05-13 18:12:12,286 [INFO] root tankworker.py:184	Logging handler <FileHandler /home/tworobey/linux/server/tank_errors.log (WARNING)> added
2026-05-13 18:12:12,286 [INFO] root tankworker.py:184	Logging handler <StreamHandler <stdout> (INFO)> added
2026-05-13 18:12:12,286 [INFO] root tankworker.py:184	Logging handler <StreamHandler <stderr> (NOTSET)> added
2026-05-13 18:12:12,293 [INFO] root tankworker.py:99	Created a folder for the test. /home/tworobey/linux/server/logs/2026-05-13_18-12-12.259593
2026-05-13 18:12:12,294 [INFO] yandextank.core.tankcore tankcore.py:272	Configuring plugins...
2026-05-13 18:12:12,294 [INFO] yandextank.core.tankcore tankcore.py:216	Loading plugins...
2026-05-13 18:12:12,294 [INFO] yandextank.core.tankcore tankcore.py:227	Trying to import plugin rcheck from path yandextank.plugins.ResourceCheck
2026-05-13 18:12:12,294 [INFO] yandextank.core.tankcore tankcore.py:227	Trying to import plugin console from path yandextank.plugins.Console
2026-05-13 18:12:12,294 [INFO] yandextank.core.tankcore tankcore.py:227	Trying to import plugin json_report from path yandextank.plugins.JsonReport
2026-05-13 18:12:12,295 [INFO] yandextank.core.tankcore tankcore.py:227	Trying to import plugin phantom from path yandextank.plugins.Phantom
2026-05-13 18:12:12,295 [INFO] yandextank.core.tankcore tankcore.py:227	Trying to import plugin shellexec from path yandextank.plugins.ShellExec
2026-05-13 18:12:12,295 [INFO] yandextank.core.tankcore tankcore.py:227	Trying to import plugin autostop from path yandextank.plugins.Autostop
2026-05-13 18:12:12,295 [INFO] yandextank.core.tankcore tankcore.py:227	Trying to import plugin rcassert from path yandextank.plugins.RCAssert
2026-05-13 18:12:12,298 [INFO] yandextank.common.util util.py:560	Testing connection to resolved address 127.0.0.1 and port 8080
2026-05-13 18:12:12,299 [INFO] yandextank.plugins.Phantom.utils utils.py:277	Resolved 127.0.0.1 into 127.0.0.1:8080
2026-05-13 18:12:12,299 [INFO] yandextank.stepper.main main.py:195	Configuring StepperWrapper...
2026-05-13 18:12:12,301 [ERROR] yandextank.common.util util.py:819	Exception occurred:
<class 'FileNotFoundError'>: [Errno 2] No such file or directory: '/var/loadtest/ammo.txt'
  File "/home/tworobey/.pyenv/versions/3.10.4/lib/python3.10/site-packages/yandextank/core/tankworker.py", line 100, in run
    self.core.plugins_configure()

  File "/home/tworobey/.pyenv/versions/3.10.4/lib/python3.10/site-packages/yandextank/core/tankcore.py", line 280, in plugins_configure
    plugin.configure()

  File "/home/tworobey/.pyenv/versions/3.10.4/lib/python3.10/site-packages/yandextank/plugins/Phantom/plugin.py", line 67, in configure
    self.phantom_config = self.phantom.config_file

  File "/home/tworobey/.pyenv/versions/3.10.4/lib/python3.10/site-packages/yandextank/plugins/Phantom/utils.py", line 106, in config_file
    self._config_file = self.compose_config()

  File "/home/tworobey/.pyenv/versions/3.10.4/lib/python3.10/site-packages/yandextank/plugins/Phantom/utils.py", line 114, in compose_config
    streams_config += stream.compose_config()

  File "/home/tworobey/.pyenv/versions/3.10.4/lib/python3.10/site-packages/yandextank/plugins/Phantom/utils.py", line 287, in compose_config
    self.stepper_wrapper.prepare_stepper()

  File "/home/tworobey/.pyenv/versions/3.10.4/lib/python3.10/site-packages/yandextank/stepper/main.py", line 246, in prepare_stepper
    self.stpd = self.__get_stpd_filename()

  File "/home/tworobey/.pyenv/versions/3.10.4/lib/python3.10/site-packages/yandextank/stepper/main.py", line 297, in __get_stpd_filename
    hashed_str += sep + opener.hash

  File "/home/tworobey/.pyenv/versions/3.10.4/lib/python3.10/site-packages/yandextank/contrib/netort/netort/resource.py", line 262, in hash
    stat = os.stat(self.f_path)

2026-05-13 18:12:12,301 [INFO] yandextank.common.util util.py:820	Trying to clean up
2026-05-13 18:12:12,301 [INFO] yandextank.core.tankcore tankcore.py:650	Releasing lock: /var/lock/lunapark_dmftny7j.lock
