2026-05-13 18:11:20,237 [INFO] root tankworker.py:179	Log file created
2026-05-13 18:11:20,237 [INFO] root tankworker.py:184	Logging handler <FileHandler /home/tworobey/linux/server/tank_errors.log (WARNING)> added
2026-05-13 18:11:20,238 [INFO] root tankworker.py:184	Logging handler <StreamHandler <stdout> (INFO)> added
2026-05-13 18:11:20,238 [INFO] root tankworker.py:184	Logging handler <StreamHandler <stderr> (NOTSET)> added
2026-05-13 18:11:20,249 [INFO] root tankworker.py:99	Created a folder for the test. /home/tworobey/linux/server/logs/2026-05-13_18-11-20.211512
2026-05-13 18:11:20,249 [INFO] yandextank.core.tankcore tankcore.py:272	Configuring plugins...
2026-05-13 18:11:20,249 [INFO] yandextank.core.tankcore tankcore.py:216	Loading plugins...
2026-05-13 18:11:20,249 [INFO] yandextank.core.tankcore tankcore.py:227	Trying to import plugin rcheck from path yandextank.plugins.ResourceCheck
2026-05-13 18:11:20,249 [INFO] yandextank.core.tankcore tankcore.py:227	Trying to import plugin console from path yandextank.plugins.Console
2026-05-13 18:11:20,250 [INFO] yandextank.core.tankcore tankcore.py:227	Trying to import plugin json_report from path yandextank.plugins.JsonReport
2026-05-13 18:11:20,250 [INFO] yandextank.core.tankcore tankcore.py:227	Trying to import plugin phantom from path yandextank.plugins.Phantom
2026-05-13 18:11:20,250 [INFO] yandextank.core.tankcore tankcore.py:227	Trying to import plugin shellexec from path yandextank.plugins.ShellExec
2026-05-13 18:11:20,251 [INFO] yandextank.core.tankcore tankcore.py:227	Trying to import plugin autostop from path yandextank.plugins.Autostop
2026-05-13 18:11:20,251 [INFO] yandextank.core.tankcore tankcore.py:227	Trying to import plugin rcassert from path yandextank.plugins.RCAssert
2026-05-13 18:11:20,254 [INFO] yandextank.common.util util.py:560	Testing connection to resolved address 127.0.0.1 and port 8080
2026-05-13 18:11:20,255 [INFO] yandextank.common.util util.py:563	Failed TCP connection test using [127.0.0.1]:8080
2026-05-13 18:11:20,255 [INFO] yandextank.common.util util.py:560	Testing connection to resolved address 127.0.0.1 and port 8080
2026-05-13 18:11:20,255 [INFO] yandextank.common.util util.py:563	Failed TCP connection test using [127.0.0.1]:8080
2026-05-13 18:11:20,255 [INFO] yandextank.common.util util.py:560	Testing connection to resolved address 127.0.0.1 and port 8080
2026-05-13 18:11:20,255 [INFO] yandextank.common.util util.py:563	Failed TCP connection test using [127.0.0.1]:8080
2026-05-13 18:11:20,256 [ERROR] yandextank.common.util util.py:819	Exception occurred:
<class 'RuntimeError'>: All connection attempts failed for 127.0.0.1, use {phantom.connection_test: false} to disable it
  File "/home/tworobey/.pyenv/versions/3.10.4/lib/python3.10/site-packages/yandextank/core/tankworker.py", line 100, in run
    self.core.plugins_configure()

  File "/home/tworobey/.pyenv/versions/3.10.4/lib/python3.10/site-packages/yandextank/core/tankcore.py", line 280, in plugins_configure
    plugin.configure()

  File "/home/tworobey/.pyenv/versions/3.10.4/lib/python3.10/site-packages/yandextank/plugins/Phantom/plugin.py", line 67, in configure
    self.phantom_config = self.phantom.config_file

  File "/home/tworobey/.pyenv/versions/3.10.4/lib/python3.10/site-packages/yandextank/plugins/Phantom/plugin.py", line 76, in phantom
    self._phantom.read_config()

  File "/home/tworobey/.pyenv/versions/3.10.4/lib/python3.10/site-packages/yandextank/plugins/Phantom/utils.py", line 95, in read_config
    stream.read_config()

  File "/home/tworobey/.pyenv/versions/3.10.4/lib/python3.10/site-packages/yandextank/plugins/Phantom/utils.py", line 274, in read_config
    self.ipv6, self.resolved_ip, self.port, self.address = self.address_wizard.resolve(

  File "/home/tworobey/.pyenv/versions/3.10.4/lib/python3.10/site-packages/yandextank/common/util.py", line 569, in resolve
    raise RuntimeError(msg % address_str)

2026-05-13 18:11:20,256 [INFO] yandextank.common.util util.py:820	Trying to clean up
2026-05-13 18:11:20,256 [INFO] yandextank.core.tankcore tankcore.py:650	Releasing lock: /var/lock/lunapark_5r8xlgq3.lock
